Archive member included because of file (symbol)

E:/OneDrive/CCS/lpmsp430g2553_SPI/Debug\liblpmsp430g2553_SPI.a(SPI.o)
                              ./ReadAnalogVoltage.o (SPIClass::begin())
E:/OneDrive/CCS/lpmsp430g2553_SPI/Debug\liblpmsp430g2553_SPI.a(usci_spi.o)
                              E:/OneDrive/CCS/lpmsp430g2553_SPI/Debug\liblpmsp430g2553_SPI.a(SPI.o) (spi_initialize())
E:/OneDrive/CCS/lpmsp430g2553_core/Debug\liblpmsp430g2553_core.a(WInterrupts.o)
                              ./ReadAnalogVoltage.o (attachInterrupt)
E:/OneDrive/CCS/lpmsp430g2553_core/Debug\liblpmsp430g2553_core.a(wiring.o)
                              ./Enrf24.o (millis)
E:/OneDrive/CCS/lpmsp430g2553_core/Debug\liblpmsp430g2553_core.a(wiring_digital.o)
                              ./Enrf24.o (pinMode)
E:/OneDrive/CCS/lpmsp430g2553_core/Debug\liblpmsp430g2553_core.a(main.o)
                              (main)
E:/OneDrive/CCS/lpmsp430g2553_core/Debug\liblpmsp430g2553_core.a(Print.o)
                              ./Enrf24.o (Print::write(unsigned char const*, unsigned int))
E:/OneDrive/CCS/lpmsp430g2553_core/Debug\liblpmsp430g2553_core.a(WString.o)
                              E:/OneDrive/CCS/lpmsp430g2553_core/Debug\liblpmsp430g2553_core.a(Print.o) (String::operator[](unsigned int) const)
E:/OneDrive/CCS/lpmsp430g2553_core/Debug\liblpmsp430g2553_core.a(atof.o)
                              E:/OneDrive/CCS/lpmsp430g2553_core/Debug\liblpmsp430g2553_core.a(WString.o) (atof)
E:/OneDrive/CCS/lpmsp430g2553_core/Debug\liblpmsp430g2553_core.a(dtostrf.o)
                              E:/OneDrive/CCS/lpmsp430g2553_core/Debug\liblpmsp430g2553_core.a(WString.o) (dtostrf)
E:/OneDrive/CCS/lpmsp430g2553_core/Debug\liblpmsp430g2553_core.a(itoa.o)
                              E:/OneDrive/CCS/lpmsp430g2553_core/Debug\liblpmsp430g2553_core.a(WString.o) (ltoa)
E:/OneDrive/CCS/lpmsp430g2553_core/Debug\liblpmsp430g2553_core.a(new.o)
                              E:/OneDrive/CCS/lpmsp430g2553_core/Debug\liblpmsp430g2553_core.a(Print.o) (__cxa_pure_virtual)
e:/energia-0101e0014/hardware/tools/msp430/bin/../lib/gcc/msp430/4.6.3/../../../../msp430/lib\libm.a(ef_pow.o)
                              E:/OneDrive/CCS/lpmsp430g2553_core/Debug\liblpmsp430g2553_core.a(dtostrf.o) (powf)
e:/energia-0101e0014/hardware/tools/msp430/bin/../lib/gcc/msp430/4.6.3/../../../../msp430/lib\libm.a(sf_scalbn.o)
                              e:/energia-0101e0014/hardware/tools/msp430/bin/../lib/gcc/msp430/4.6.3/../../../../msp430/lib\libm.a(ef_pow.o) (scalbnf)
e:/energia-0101e0014/hardware/tools/msp430/bin/../lib/gcc/msp430/4.6.3/../../../../msp430/lib\libm.a(ef_sqrt.o)
                              e:/energia-0101e0014/hardware/tools/msp430/bin/../lib/gcc/msp430/4.6.3/../../../../msp430/lib\libm.a(ef_pow.o) (__ieee754_sqrtf)
e:/energia-0101e0014/hardware/tools/msp430/bin/../lib/gcc/msp430/4.6.3\libgcc.a(_mulqi3.o)
                              E:/OneDrive/CCS/lpmsp430g2553_core/Debug\liblpmsp430g2553_core.a(Print.o) (__mulqi3)
e:/energia-0101e0014/hardware/tools/msp430/bin/../lib/gcc/msp430/4.6.3\libgcc.a(_mulhi3.o)
                              E:/OneDrive/CCS/lpmsp430g2553_core/Debug\liblpmsp430g2553_core.a(wiring.o) (__mulhi3)
e:/energia-0101e0014/hardware/tools/msp430/bin/../lib/gcc/msp430/4.6.3\libgcc.a(_umulhisi3.o)
                              ./ReadAnalogVoltage.o (__umulhisi3)
e:/energia-0101e0014/hardware/tools/msp430/bin/../lib/gcc/msp430/4.6.3\libgcc.a(_mulsi3.o)
                              E:/OneDrive/CCS/lpmsp430g2553_core/Debug\liblpmsp430g2553_core.a(wiring.o) (__mulsi3)
e:/energia-0101e0014/hardware/tools/msp430/bin/../lib/gcc/msp430/4.6.3\libgcc.a(_udivmod16.o)
                              ./Enrf24.o (__udivhi3)
e:/energia-0101e0014/hardware/tools/msp430/bin/../lib/gcc/msp430/4.6.3\libgcc.a(_udivmod32.o)
                              E:/OneDrive/CCS/lpmsp430g2553_core/Debug\liblpmsp430g2553_core.a(wiring.o) (__udivsi3)
e:/energia-0101e0014/hardware/tools/msp430/bin/../lib/gcc/msp430/4.6.3\libgcc.a(_fixunssfsi.o)
                              E:/OneDrive/CCS/lpmsp430g2553_core/Debug\liblpmsp430g2553_core.a(Print.o) (__fixunssfsi)
e:/energia-0101e0014/hardware/tools/msp430/bin/../lib/gcc/msp430/4.6.3\libgcc.a(_addsub_sf.o)
                              E:/OneDrive/CCS/lpmsp430g2553_core/Debug\liblpmsp430g2553_core.a(Print.o) (__addsf3)
e:/energia-0101e0014/hardware/tools/msp430/bin/../lib/gcc/msp430/4.6.3\libgcc.a(_mul_sf.o)
                              E:/OneDrive/CCS/lpmsp430g2553_core/Debug\liblpmsp430g2553_core.a(Print.o) (__mulsf3)
e:/energia-0101e0014/hardware/tools/msp430/bin/../lib/gcc/msp430/4.6.3\libgcc.a(_div_sf.o)
                              E:/OneDrive/CCS/lpmsp430g2553_core/Debug\liblpmsp430g2553_core.a(Print.o) (__divsf3)
e:/energia-0101e0014/hardware/tools/msp430/bin/../lib/gcc/msp430/4.6.3\libgcc.a(_gt_sf.o)
[...]
Memory Configuration

Name             Origin             Length             Attributes
sfr              0x00000000         0x00000010
peripheral_8bit  0x00000010         0x000000f0
peripheral_16bit 0x00000100         0x00000100
ram              0x00000200         0x00000200         xw
infomem          0x00001000         0x00000100
infod            0x00001000         0x00000040
infoc            0x00001040         0x00000040
infob            0x00001080         0x00000040
infoa            0x000010c0         0x00000040
rom              0x0000c000         0x00003fe0         xr
vectors          0x0000ffe0         0x00000020
bsl              0x00000000         0x00000000
ram2             0x00000000         0x00000000         xw
ram_mirror       0x00000000         0x00000000         xw
usbram           0x00000000         0x00000000         xw
far_rom          0x00000000         0x00000000
*default*        0x00000000         0xffffffff

Linker script and memory map

LOAD e:/energia-0101e0014/hardware/tools/msp430/bin/../lib/gcc/msp430/4.6.3/crt0ivtbl16.o
LOAD ./Enrf24.o
LOAD ./ReadAnalogVoltage.o
START GROUP
LOAD E:/OneDrive/CCS/lpmsp430g2553_SPI/Debug\liblpmsp430g2553_SPI.a
LOAD E:/OneDrive/CCS/lpmsp430g2553_core/Debug\liblpmsp430g2553_core.a
LOAD e:/energia-0101e0014/hardware/tools/msp430/bin/../lib/gcc/msp430/4.6.3/../../../../msp430/lib\libm.a
END GROUP
LOAD e:/energia-0101e0014/hardware/tools/msp430/bin/../lib/gcc/msp430/4.6.3\libgcc.a
LOAD e:/energia-0101e0014/hardware/tools/msp430/bin/../lib/gcc/msp430/4.6.3/../../../../msp430/lib\libc.a
LOAD e:/energia-0101e0014/hardware/tools/msp430/bin/../lib/gcc/msp430/4.6.3\libgcc.a
LOAD e:/energia-0101e0014/hardware/tools/msp430/bin/../lib/gcc/msp430/4.6.3\libcrt0.a
                0x00000040                PROVIDE (__info_segment_size, 0x40)
                0x00001000                PROVIDE (__infod, 0x1000)
                0x00001040                PROVIDE (__infoc, 0x1040)
                0x00001080                PROVIDE (__infob, 0x1080)
                0x000010c0                PROVIDE (__infoa, 0x10c0)
                0x00000000                __IE1 = 0x0
                0x00000002                __IFG1 = 0x2
                0x00000001                __IE2 = 0x1
                0x00000003                __IFG2 = 0x3
                0x00000048                __ADC10DTC0 = 0x48
                0x00000049                __ADC10DTC1 = 0x49
                0x0000004a                __ADC10AE0 = 0x4a
                0x000001b0                __ADC10CTL0 = 0x1b0
                0x000001b2                __ADC10CTL1 = 0x1b2
                0x000001b4                __ADC10MEM = 0x1b4
                0x000001bc                __ADC10SA = 0x1bc
                0x00000056                __DCOCTL = 0x56
                0x00000057                __BCSCTL1 = 0x57
                0x00000058                __BCSCTL2 = 0x58
                0x00000053                __BCSCTL3 = 0x53
                0x00000059                __CACTL1 = 0x59
                0x0000005a                __CACTL2 = 0x5a
                0x0000005b                __CAPD = 0x5b
                0x00000128                __FCTL1 = 0x128
                0x0000012a                __FCTL2 = 0x12a
                0x0000012c                __FCTL3 = 0x12c
                0x00000020                __P1IN = 0x20
                0x00000021                __P1OUT = 0x21
                0x00000022                __P1DIR = 0x22
                0x00000023                __P1IFG = 0x23
                0x00000024                __P1IES = 0x24
                0x00000025                __P1IE = 0x25
                0x00000026                __P1SEL = 0x26
                0x00000041                __P1SEL2 = 0x41
                0x00000027                __P1REN = 0x27
                0x00000028                __P2IN = 0x28
                0x00000029                __P2OUT = 0x29
                0x0000002a                __P2DIR = 0x2a
                0x0000002b                __P2IFG = 0x2b
                0x0000002c                __P2IES = 0x2c
                0x0000002d                __P2IE = 0x2d
                0x0000002e                __P2SEL = 0x2e
                0x00000042                __P2SEL2 = 0x42
                0x0000002f                __P2REN = 0x2f
                0x00000018                __P3IN = 0x18
                0x00000019                __P3OUT = 0x19
                0x0000001a                __P3DIR = 0x1a
                0x0000001b                __P3SEL = 0x1b
                0x00000043                __P3SEL2 = 0x43
                0x00000010                __P3REN = 0x10
                0x0000012e                __TA0IV = 0x12e
                0x00000160                __TA0CTL = 0x160
                0x00000162                __TA0CCTL0 = 0x162
                0x00000164                __TA0CCTL1 = 0x164
                0x00000166                __TA0CCTL2 = 0x166
                0x00000170                __TA0R = 0x170
                0x00000172                __TA0CCR0 = 0x172
                0x00000174                __TA0CCR1 = 0x174
                0x00000176                __TA0CCR2 = 0x176
                0x0000011e                __TA1IV = 0x11e
                0x00000180                __TA1CTL = 0x180
                0x00000182                __TA1CCTL0 = 0x182
                0x00000184                __TA1CCTL1 = 0x184
                0x00000186                __TA1CCTL2 = 0x186
                0x00000190                __TA1R = 0x190
                0x00000192                __TA1CCR0 = 0x192
                0x00000194                __TA1CCR1 = 0x194
                0x00000196                __TA1CCR2 = 0x196
                0x00000060                __UCA0CTL0 = 0x60
                0x00000061                __UCA0CTL1 = 0x61
                0x00000062                __UCA0BR0 = 0x62
                0x00000063                __UCA0BR1 = 0x63
                0x00000064                __UCA0MCTL = 0x64
                0x00000065                __UCA0STAT = 0x65
                0x00000066                __UCA0RXBUF = 0x66
                0x00000067                __UCA0TXBUF = 0x67
                0x0000005d                __UCA0ABCTL = 0x5d
                0x0000005e                __UCA0IRTCTL = 0x5e
                0x0000005f                __UCA0IRRCTL = 0x5f
                0x00000068                __UCB0CTL0 = 0x68
                0x00000069                __UCB0CTL1 = 0x69
                0x0000006a                __UCB0BR0 = 0x6a
                0x0000006b                __UCB0BR1 = 0x6b
                0x0000006c                __UCB0I2CIE = 0x6c
                0x0000006d                __UCB0STAT = 0x6d
                0x0000006e                __UCB0RXBUF = 0x6e
                0x0000006f                __UCB0TXBUF = 0x6f
                0x00000118                __UCB0I2COA = 0x118
                0x0000011a                __UCB0I2CSA = 0x11a
                0x00000120                __WDTCTL = 0x120
                0x000010f8                __CALDCO_16MHZ = 0x10f8
                0x000010f9                __CALBC1_16MHZ = 0x10f9
                0x000010fa                __CALDCO_12MHZ = 0x10fa
                0x000010fb                __CALBC1_12MHZ = 0x10fb
                0x000010fc                __CALDCO_8MHZ = 0x10fc
                0x000010fd                __CALBC1_8MHZ = 0x10fd
                0x000010fe                __CALDCO_1MHZ = 0x10fe
                0x000010ff                __CALBC1_1MHZ = 0x10ff

.hash
 *(.hash)

.dynsym
 *(.dynsym)

.dynstr
 *(.dynstr)

.gnu.version
 *(.gnu.version)

.gnu.version_d
 *(.gnu.version_d)

.gnu.version_r
 *(.gnu.version_r)

.rel.init
 *(.rel.init)

.rela.init
 *(.rela.init)

.rel.fini
 *(.rel.fini)

.rela.fini
 *(.rela.fini)

.rel.text
 *(.rel.text .rel.text.* .rel.gnu.linkonce.t.*)

.rela.text
 *(.rela.text .rela.text.* .rela.gnu.linkonce.t.*)

.rel.rodata
 *(.rel.rodata .rel.rodata.* .rel.gnu.linkonce.r.*)

.rela.rodata
 *(.rela.rodata .rela.rodata.* .rela.gnu.linkonce.r.*)

.rel.data
 *(.rel.data .rel.data.* .rel.gnu.linkonce.d.*)

.rela.data
 *(.rela.data .rela.data.* .rela.gnu.linkonce.d.*)

.rel.bss
 *(.rel.bss .rel.bss.* .rel.gnu.linkonce.b.*)

.rela.bss
 *(.rela.bss .rela.bss.* .rela.gnu.linkonce.b.*)

.rel.ctors
 *(.rel.ctors)

.rela.ctors
 *(.rela.ctors)

.rel.dtors
 *(.rel.dtors)

.rela.dtors
 *(.rela.dtors)

.rel.got
 *(.rel.got)

.rela.got
 *(.rela.got)

.rel.plt
 *(.rel.plt)

.rela.plt
 *(.rela.plt)

.text           0x0000c000     0x12a6
                0x0000c000                . = ALIGN (0x2)
 *(.init .init.*)
 *(.init0)
 .init0         0x0000c000        0x0 e:/energia-0101e0014/hardware/tools/msp430/bin/../lib/gcc/msp430/4.6.3\libcrt0.a(_reset_vector__.o)
                0x0000c000                _reset_vector__
 *(.init1)
 .init1         0x0000c000        0xc e:/energia-0101e0014/hardware/tools/msp430/bin/../lib/gcc/msp430/4.6.3\libcrt0.a(__watchdog_support.o)
                0x0000c000                __watchdog_support
 *(.init2)
 .init2         0x0000c00c        0x4 e:/energia-0101e0014/hardware/tools/msp430/bin/../lib/gcc/msp430/4.6.3\libcrt0.a(__init_stack.o)
                0x0000c00c                __init_stack
 *(.init3)
 .init3         0x0000c010        0x0 e:/energia-0101e0014/hardware/tools/msp430/bin/../lib/gcc/msp430/4.6.3\libcrt0.a(__low_level_init.o)
                0x0000c010                __low_level_init
 *(.init4)
 .init4         0x0000c010       0x18 e:/energia-0101e0014/hardware/tools/msp430/bin/../lib/gcc/msp430/4.6.3\libcrt0.a(_copy_data.o)
                0x0000c010                __do_copy_data
 .init4         0x0000c028       0x16 e:/energia-0101e0014/hardware/tools/msp430/bin/../lib/gcc/msp430/4.6.3\libcrt0.a(_clear_bss.o)
                0x0000c028                __do_clear_bss
 *(.init5)
 *(.init6)
 .init6         0x0000c03e       0x14 e:/energia-0101e0014/hardware/tools/msp430/bin/../lib/gcc/msp430/4.6.3\libcrt0.a(_ctors430.o)
                0x0000c03e                __do_global_ctors
 *(.init7)
 *(.init8)
 *(.init9)
 .init9         0x0000c052       0x1a E:/OneDrive/CCS/lpmsp430g2553_core/Debug\liblpmsp430g2553_core.a(main.o)
                0x0000c052                main
 *(.fini9)
 .fini9         0x0000c06c        0x0 e:/energia-0101e0014/hardware/tools/msp430/bin/../lib/gcc/msp430/4.6.3\libcrt0.a(__stop_progExec__.o)
                0x0000c06c                __stop_progExec__
 *(.fini8)
 *(.fini7)
 *(.fini6)
 *(.fini5)
 *(.fini4)
 *(.fini3)
 *(.fini2)
 *(.fini1)
 *(.fini0)
 .fini0         0x0000c06c        0x6 e:/energia-0101e0014/hardware/tools/msp430/bin/../lib/gcc/msp430/4.6.3\libcrt0.a(_endless_loop__.o)
                0x0000c06c                _endless_loop__
 *(.fini .fini.*)
                0x0000c072                . = ALIGN (0x2)
                0x0000c072                __ctors_start = .
 *(.ctors)
 .ctors         0x0000c072        0x2 ./ReadAnalogVoltage.o
                0x0000c074                __ctors_end = .
                0x0000c074                __dtors_start = .
 *(.dtors)
                0x0000c074                __dtors_end = .
                0x0000c074                . = ALIGN (0x2)
 *(.text .text.* .gnu.linkonce.t.*)
 .text          0x0000c074        0x4 e:/energia-0101e0014/hardware/tools/msp430/bin/../lib/gcc/msp430/4.6.3/crt0ivtbl16.o
                0x0000c074                __isr_14
                0x0000c074                __isr_4
                0x0000c074                __isr_11
                0x0000c074                __isr_5
                0x0000c074                __isr_7
                0x0000c074                __isr_0
                0x0000c074                __isr_8
                0x0000c074                __isr_12
                0x0000c074                __isr_13
                0x0000c074                __isr_9
                0x0000c074                __isr_6
                0x0000c074                __isr_1
 .text._ZN6Enrf245writeEPKvj
                0x0000c078        0x8 ./Enrf24.o
                0x0000c078                Enrf24::write(void const*, unsigned int)
 .text._ZN6Enrf24C2Ehhh
                0x0000c080       0x30 ./Enrf24.o
                0x0000c080                Enrf24::Enrf24(unsigned char, unsigned char, unsigned char)
                0x0000c080                Enrf24::Enrf24(unsigned char, unsigned char, unsigned char)
 .text._ZN6Enrf248_readRegEh
                0x0000c0b0       0x36 ./Enrf24.o
                0x0000c0b0                Enrf24::_readReg(unsigned char)
 .text._ZN6Enrf2416_readRegMultiLSBEhPhj
                0x0000c0e6       0x60 ./Enrf24.o
                0x0000c0e6                Enrf24::_readRegMultiLSB(unsigned char, unsigned char*, unsigned int)
 .text._ZN6Enrf249_writeRegEhh
                0x0000c146       0x3c ./Enrf24.o
                0x0000c146                Enrf24::_writeReg(unsigned char, unsigned char)
 .text._ZN6Enrf2417_writeRegMultiLSBEhPhj
                0x0000c182       0x56 ./Enrf24.o
                0x0000c182                Enrf24::_writeRegMultiLSB(unsigned char, unsigned char*, unsigned int)
 .text._ZN6Enrf249_issueCmdEh
                0x0000c1d8       0x2c ./Enrf24.o
                0x0000c1d8                Enrf24::_issueCmd(unsigned char)
 .text._ZN6Enrf2416_issueCmdPayloadEhPhj
                0x0000c204       0x4c ./Enrf24.o
                0x0000c204                Enrf24::_issueCmdPayload(unsigned char, unsigned char*, unsigned int)
 .text._ZN6Enrf2415_readCmdPayloadEhPhjj
                0x0000c250       0x5c ./Enrf24.o
                0x0000c250                Enrf24::_readCmdPayload(unsigned char, unsigned char*, unsigned int, unsigned int)
 .text._ZN6Enrf248_isAliveEv
                0x0000c2ac       0x22 ./Enrf24.o
                0x0000c2ac                Enrf24::_isAlive()
 .text._ZN6Enrf2414_irq_getreasonEv
                0x0000c2ce       0x18 ./Enrf24.o
                0x0000c2ce                Enrf24::_irq_getreason()
 .text._ZN6Enrf2410_irq_clearEh
                0x0000c2e6       0x10 ./Enrf24.o
                0x0000c2e6                Enrf24::_irq_clear(unsigned char)
 .text._ZN6Enrf2411_readTXaddrEPh
                0x0000c2f6       0x10 ./Enrf24.o
                0x0000c2f6                Enrf24::_readTXaddr(unsigned char*)
 .text._ZN6Enrf2414_writeRXaddrP0EPh
                0x0000c306       0x10 ./Enrf24.o
                0x0000c306                Enrf24::_writeRXaddrP0(unsigned char*)
 .text._ZN6Enrf2416_maintenanceHookEv
                0x0000c316       0xc2 ./Enrf24.o
                0x0000c316                Enrf24::_maintenanceHook()
 .text._ZN6Enrf249deepsleepEv
                0x0000c3d8       0x2c ./Enrf24.o
                0x0000c3d8                Enrf24::deepsleep()
 .text._ZN6Enrf248enableRXEv
                0x0000c404       0x3e ./Enrf24.o
                0x0000c404                Enrf24::enableRX()
 .text._ZN6Enrf245flushEv
                0x0000c442      0x156 ./Enrf24.o
                0x0000c442                Enrf24::flush()
 .text._ZN6Enrf245writeEh
                0x0000c598       0x2e ./Enrf24.o
                0x0000c598                Enrf24::write(unsigned char)
 .text._ZN6Enrf2410setChannelEh
                0x0000c5c6       0x16 ./Enrf24.o
                0x0000c5c6                Enrf24::setChannel(unsigned char)
 .text._ZN6Enrf2410setTXpowerEa
                0x0000c5dc       0x54 ./Enrf24.o
                0x0000c5dc                Enrf24::setTXpower(signed char)
 .text._ZN6Enrf248setSpeedEm
                0x0000c630       0x64 ./Enrf24.o
                0x0000c630                Enrf24::setSpeed(unsigned long)
 .text._ZN6Enrf246setCRCEhh
                0x0000c694       0x3c ./Enrf24.o
                0x0000c694                Enrf24::setCRC(unsigned char, unsigned char)
 .text._ZN6Enrf2416setAutoAckParamsEhj
                0x0000c6d0       0x34 ./Enrf24.o
                0x0000c6d0                Enrf24::setAutoAckParams(unsigned char, unsigned int)
 .text._ZN6Enrf2416setAddressLengthEj
                0x0000c704       0x38 ./Enrf24.o
                0x0000c704                Enrf24::setAddressLength(unsigned int)
 .text._ZN6Enrf245beginEmh
                0x0000c73c      0x160 ./Enrf24.o
                0x0000c73c                Enrf24::begin(unsigned long, unsigned char)
 .text._ZN6Enrf2412setTXaddressEPKv
                0x0000c89c       0x10 ./Enrf24.o
                0x0000c89c                Enrf24::setTXaddress(void const*)
 .text._Z6ps_outv
                0x0000c8ac       0x4c ./ReadAnalogVoltage.o
                0x0000c8ac                ps_out()
 .text._Z23Msp430_GetSupplyVoltagev
                0x0000c8f8       0x7c ./ReadAnalogVoltage.o
                0x0000c8f8                Msp430_GetSupplyVoltage()
 .text.setup    0x0000c974       0x5c ./ReadAnalogVoltage.o
                0x0000c974                setup
 .text._Z13power_savingsv
                0x0000c9d0       0x1c ./ReadAnalogVoltage.o
                0x0000c9d0                power_savings()
 .text.loop     0x0000c9ec       0xda ./ReadAnalogVoltage.o
                0x0000c9ec                loop
 .text.startup._GLOBAL__sub_I_radio
                0x0000cac6       0x14 ./ReadAnalogVoltage.o
 .text._ZN8SPIClass5beginEv
                0x0000cada        0x6 E:/OneDrive/CCS/lpmsp430g2553_SPI/Debug\liblpmsp430g2553_SPI.a(SPI.o)
                0x0000cada                SPIClass::begin()
 .text._ZN8SPIClass11setBitOrderEh
                0x0000cae0        0x6 E:/OneDrive/CCS/lpmsp430g2553_SPI/Debug\liblpmsp430g2553_SPI.a(SPI.o)
                0x0000cae0                SPIClass::setBitOrder(unsigned char)
 .text._ZN8SPIClass11setDataModeEh
                0x0000cae6        0x6 E:/OneDrive/CCS/lpmsp430g2553_SPI/Debug\liblpmsp430g2553_SPI.a(SPI.o)
                0x0000cae6                SPIClass::setDataMode(unsigned char)
 .text._Z14spi_initializev
                0x0000caec       0x40 E:/OneDrive/CCS/lpmsp430g2553_SPI/Debug\liblpmsp430g2553_SPI.a(usci_spi.o)
                0x0000caec                spi_initialize()
 .text._Z8spi_sendh
                0x0000cb2c       0x12 E:/OneDrive/CCS/lpmsp430g2553_SPI/Debug\liblpmsp430g2553_SPI.a(usci_spi.o)
                0x0000cb2c                spi_send(unsigned char)
 .text._Z16spi_set_bitorderh
                0x0000cb3e       0x26 E:/OneDrive/CCS/lpmsp430g2553_SPI/Debug\liblpmsp430g2553_SPI.a(usci_spi.o)
                0x0000cb3e                spi_set_bitorder(unsigned char)
 .text._Z16spi_set_datamodeh
                0x0000cb64       0x4e E:/OneDrive/CCS/lpmsp430g2553_SPI/Debug\liblpmsp430g2553_SPI.a(usci_spi.o)
                0x0000cb64                spi_set_datamode(unsigned char)
 .text.attachInterrupt
                0x0000cbb2      0x140 E:/OneDrive/CCS/lpmsp430g2553_core/Debug\liblpmsp430g2553_core.a(WInterrupts.o)
                0x0000cbb2                attachInterrupt
 .text.Port_1   0x0000ccf2       0xe4 E:/OneDrive/CCS/lpmsp430g2553_core/Debug\liblpmsp430g2553_core.a(WInterrupts.o)
                0x0000ccf2                Port_1
                0x0000ccf2                __isr_2
 .text.Port_2   0x0000cdd6       0xe4 E:/OneDrive/CCS/lpmsp430g2553_core/Debug\liblpmsp430g2553_core.a(WInterrupts.o)
                0x0000cdd6                __isr_3
                0x0000cdd6                Port_2
 .text.enableXtal
                0x0000ceba       0x42 E:/OneDrive/CCS/lpmsp430g2553_core/Debug\liblpmsp430g2553_core.a(wiring.o)
                0x0000ceba                enableXtal
 .text.enableWatchDogIntervalMode
                0x0000cefc        0xc E:/OneDrive/CCS/lpmsp430g2553_core/Debug\liblpmsp430g2553_core.a(wiring.o)
                0x0000cefc                enableWatchDogIntervalMode
 .text.initClocks
                0x0000cf08       0x1c E:/OneDrive/CCS/lpmsp430g2553_core/Debug\liblpmsp430g2553_core.a(wiring.o)
                0x0000cf08                initClocks
 .text.init     0x0000cf24       0x12 E:/OneDrive/CCS/lpmsp430g2553_core/Debug\liblpmsp430g2553_core.a(wiring.o)
                0x0000cf24                init
 .text.micros   0x0000cf36       0x24 E:/OneDrive/CCS/lpmsp430g2553_core/Debug\liblpmsp430g2553_core.a(wiring.o)
                0x0000cf36                micros
 .text.millis   0x0000cf5a       0x12 E:/OneDrive/CCS/lpmsp430g2553_core/Debug\liblpmsp430g2553_core.a(wiring.o)
                0x0000cf5a                millis
 .text.delayMicroseconds
                0x0000cf6c       0x12 E:/OneDrive/CCS/lpmsp430g2553_core/Debug\liblpmsp430g2553_core.a(wiring.o)
                0x0000cf6c                delayMicroseconds
 .text.suspend  0x0000cf7e       0x26 E:/OneDrive/CCS/lpmsp430g2553_core/Debug\liblpmsp430g2553_core.a(wiring.o)
                0x0000cf7e                suspend
 .text.delay    0x0000cfa4       0x48 E:/OneDrive/CCS/lpmsp430g2553_core/Debug\liblpmsp430g2553_core.a(wiring.o)
                0x0000cfa4                delay
 .text.watchdog_isr
                0x0000cfec       0x82 E:/OneDrive/CCS/lpmsp430g2553_core/Debug\liblpmsp430g2553_core.a(wiring.o)
                0x0000cfec                __isr_10
                0x0000cfec                watchdog_isr
 .text.pinMode  0x0000d06e       0x76 E:/OneDrive/CCS/lpmsp430g2553_core/Debug\liblpmsp430g2553_core.a(wiring_digital.o)
                0x0000d06e                pinMode
 .text.pinMode_int
                0x0000d0e4       0x9a E:/OneDrive/CCS/lpmsp430g2553_core/Debug\liblpmsp430g2553_core.a(wiring_digital.o)
                0x0000d0e4                pinMode_int
 .text.digitalRead
                0x0000d17e       0x3e E:/OneDrive/CCS/lpmsp430g2553_core/Debug\liblpmsp430g2553_core.a(wiring_digital.o)
                0x0000d17e                digitalRead
 .text.digitalWrite
                0x0000d1bc       0x4a E:/OneDrive/CCS/lpmsp430g2553_core/Debug\liblpmsp430g2553_core.a(wiring_digital.o)
                0x0000d1bc                digitalWrite
 .text._ZN5Print5writeEPKhj
                0x0000d206       0x2e E:/OneDrive/CCS/lpmsp430g2553_core/Debug\liblpmsp430g2553_core.a(Print.o)
                0x0000d206                Print::write(unsigned char const*, unsigned int)
 .text._ZN5Print5printEPKc
                0x0000d234       0x16 E:/OneDrive/CCS/lpmsp430g2553_core/Debug\liblpmsp430g2553_core.a(Print.o)
                0x0000d234                Print::print(char const*)
 .text.libgcc   0x0000d24a        0xc e:/energia-0101e0014/hardware/tools/msp430/bin/../lib/gcc/msp430/4.6.3\libgcc.a(_umulhisi3.o)
                0x0000d24a                __umulhisi3
 .text.libgcc   0x0000d256       0x2c e:/energia-0101e0014/hardware/tools/msp430/bin/../lib/gcc/msp430/4.6.3\libgcc.a(_mulsi3.o)
                0x0000d256                __mulsi3
 .text.libgcc   0x0000d282       0x22 e:/energia-0101e0014/hardware/tools/msp430/bin/../lib/gcc/msp430/4.6.3\libgcc.a(_udivmod16.o)
                0x0000d282                __ext_udivmod16
                0x0000d282                __udivhi3
                0x0000d29c                __umodhi3
 .text.crt0     0x0000d2a4        0x2 e:/energia-0101e0014/hardware/tools/msp430/bin/../lib/gcc/msp430/4.6.3\libcrt0.a(_unexpected_.o)
                0x0000d2a4                _unexpected_
                0x0000d2a6                . = ALIGN (0x2)

.rodata         0x0000d2a6       0x70
                0x0000d2a6                . = ALIGN (0x2)
 *(.rodata .rodata.* .gnu.linkonce.r.*)
 .rodata._ZTV6Enrf24
                0x0000d2a6        0xa ./Enrf24.o
                0x0000d2a6                vtable for Enrf24
 .rodata        0x0000d2b0        0x6 ./ReadAnalogVoltage.o
 .rodata._ZL6txaddr
                0x0000d2b6        0x5 ./ReadAnalogVoltage.o
 .rodata.digital_pin_to_bit_mask
                0x0000d2bb       0x15 E:/OneDrive/CCS/lpmsp430g2553_core/Debug\liblpmsp430g2553_core.a(wiring_digital.o)
                0x0000d2bb                digital_pin_to_bit_mask
 .rodata.digital_pin_to_port
                0x0000d2d0       0x15 E:/OneDrive/CCS/lpmsp430g2553_core/Debug\liblpmsp430g2553_core.a(wiring_digital.o)
                0x0000d2d0                digital_pin_to_port
 *fill*         0x0000d2e5        0x1 00
 .rodata.port_to_sel2
                0x0000d2e6        0x8 E:/OneDrive/CCS/lpmsp430g2553_core/Debug\liblpmsp430g2553_core.a(wiring_digital.o)
                0x0000d2e6                port_to_sel2
 .rodata.port_to_sel0
                0x0000d2ee        0x8 E:/OneDrive/CCS/lpmsp430g2553_core/Debug\liblpmsp430g2553_core.a(wiring_digital.o)
                0x0000d2ee                port_to_sel0
 .rodata.port_to_ren
                0x0000d2f6        0x8 E:/OneDrive/CCS/lpmsp430g2553_core/Debug\liblpmsp430g2553_core.a(wiring_digital.o)
                0x0000d2f6                port_to_ren
 .rodata.port_to_dir
                0x0000d2fe        0x8 E:/OneDrive/CCS/lpmsp430g2553_core/Debug\liblpmsp430g2553_core.a(wiring_digital.o)
                0x0000d2fe                port_to_dir
 .rodata.port_to_output
                0x0000d306        0x8 E:/OneDrive/CCS/lpmsp430g2553_core/Debug\liblpmsp430g2553_core.a(wiring_digital.o)
                0x0000d306                port_to_output
 .rodata.port_to_input
                0x0000d30e        0x8 E:/OneDrive/CCS/lpmsp430g2553_core/Debug\liblpmsp430g2553_core.a(wiring_digital.o)
                0x0000d30e                port_to_input
                0x0000d316                . = ALIGN (0x2)
                0x0000d316                _etext = .

.data           0x00000200        0x2 load address 0x0000d316
                0x00000200                . = ALIGN (0x2)
                0x00000200                PROVIDE (__data_start, .)
 *(.data .data.* .gnu.linkonce.d.*)
 .data.str_sens1
                0x00000200        0x2 ./ReadAnalogVoltage.o
                0x00000200                str_sens1
                0x00000202                . = ALIGN (0x2)
                0x00000202                _edata = .
                0x0000d316                PROVIDE (__data_load_start, LOADADDR (.data))
                0x00000002                PROVIDE (__data_size, SIZEOF (.data))

.bss            0x00000202       0x72 load address 0x0000d318
                0x00000202                PROVIDE (__bss_start, .)
 *(.bss .bss.*)
 .bss.work_time
                0x00000202        0x4 ./ReadAnalogVoltage.o
                0x00000202                work_time
 .bss.msp_ps    0x00000206        0x2 ./ReadAnalogVoltage.o
                0x00000206                msp_ps
 .bss.button_now_pressed
                0x00000208        0x2 ./ReadAnalogVoltage.o
                0x00000208                button_now_pressed
 .bss.push_flag
                0x0000020a        0x2 ./ReadAnalogVoltage.o
                0x0000020a                push_flag
 .bss.radio     0x0000020c       0x30 ./ReadAnalogVoltage.o
                0x0000020c                radio
 .bss.SPI       0x0000023c        0x2 E:/OneDrive/CCS/lpmsp430g2553_SPI/Debug\liblpmsp430g2553_SPI.a(SPI.o)
                0x0000023c                SPI
 .bss.intChangeVectP2
                0x0000023e        0x1 E:/OneDrive/CCS/lpmsp430g2553_core/Debug\liblpmsp430g2553_core.a(WInterrupts.o)
 *fill*         0x0000023f        0x1 00
 .bss.intFuncP2
                0x00000240       0x10 E:/OneDrive/CCS/lpmsp430g2553_core/Debug\liblpmsp430g2553_core.a(WInterrupts.o)
 .bss.intChangeVectP1
                0x00000250        0x1 E:/OneDrive/CCS/lpmsp430g2553_core/Debug\liblpmsp430g2553_core.a(WInterrupts.o)
 *fill*         0x00000251        0x1 00
 .bss.intFuncP1
                0x00000252       0x10 E:/OneDrive/CCS/lpmsp430g2553_core/Debug\liblpmsp430g2553_core.a(WInterrupts.o)
 .bss.vlo_freq  0x00000262        0x2 E:/OneDrive/CCS/lpmsp430g2553_core/Debug\liblpmsp430g2553_core.a(wiring.o)
                0x00000262                vlo_freq
 .bss.stay_asleep
                0x00000264        0x1 E:/OneDrive/CCS/lpmsp430g2553_core/Debug\liblpmsp430g2553_core.a(wiring.o)
                0x00000264                stay_asleep
 .bss.sleeping  0x00000265        0x1 E:/OneDrive/CCS/lpmsp430g2553_core/Debug\liblpmsp430g2553_core.a(wiring.o)
                0x00000265                sleeping
 .bss.wdt_fract
                0x00000266        0x2 E:/OneDrive/CCS/lpmsp430g2553_core/Debug\liblpmsp430g2553_core.a(wiring.o)
                0x00000266                wdt_fract
 .bss.wdt_millis
                0x00000268        0x4 E:/OneDrive/CCS/lpmsp430g2553_core/Debug\liblpmsp430g2553_core.a(wiring.o)
                0x00000268                wdt_millis
 .bss.wdt_overflow_count
                0x0000026c        0x4 E:/OneDrive/CCS/lpmsp430g2553_core/Debug\liblpmsp430g2553_core.a(wiring.o)
                0x0000026c                wdt_overflow_count
 *(COMMON)
 COMMON         0x00000270        0x4 E:/OneDrive/CCS/lpmsp430g2553_core/Debug\liblpmsp430g2553_core.a(wiring.o)
                0x00000270                SMILLIS_INC
                0x00000272                SFRACT_INC
                0x00000274                . = ALIGN (0x2)
                0x00000274                PROVIDE (__bss_end, .)
                0x00000072                PROVIDE (__bss_size, SIZEOF (.bss))

.noinit         0x00000274        0x2 load address 0x0000d318
                0x00000274                PROVIDE (__noinit_start, .)
 *(.noinit .noinit.*)
 .noinit.crt0   0x00000274        0x2 e:/energia-0101e0014/hardware/tools/msp430/bin/../lib/gcc/msp430/4.6.3\libcrt0.a(__watchdog_support.o)
                0x00000274                __wdt_clear_value
                0x00000276                . = ALIGN (0x2)
                0x00000276                PROVIDE (__noinit_end, .)
                0x00000276                . = ALIGN (0x2)
                0x00000276                _end = .

.infomem        0x00001000        0x0
 *(.infomem)
                0x00001000                . = ALIGN (0x2)
 *(.infomem.*)

.infomemnobits  0x00001000        0x0
 *(.infomemnobits)
                0x00001000                . = ALIGN (0x2)
 *(.infomemnobits.*)

.infoa
 *(.infoa .infoa.*)

.infob
 *(.infob .infob.*)

.infoc
 *(.infoc .infoc.*)

.infod
 *(.infod .infod.*)

.vectors        0x0000ffe0       0x20
                0x0000ffe0                PROVIDE (__vectors_start, .)
 *(.vectors*)
 .vectors       0x0000ffe0       0x20 e:/energia-0101e0014/hardware/tools/msp430/bin/../lib/gcc/msp430/4.6.3/crt0ivtbl16.o
                0x0000ffe0                __ivtbl_16
                0x00010000                _vectors_end = .

.fartext        0x00000000        0x0
                0x00000000                . = ALIGN (0x2)
 *(.fartext)
                0x00000000                . = ALIGN (0x2)
 *(.fartext.*)
                0x00000000                _efartext = .

.profiler
 *(.profiler)

.stab
 *(.stab)

.stabstr
 *(.stabstr)

.stab.excl
 *(.stab.excl)

.stab.exclstr
 *(.stab.exclstr)

.stab.index
 *(.stab.index)

.stab.indexstr
 *(.stab.indexstr)

.comment
 *(.comment)

.debug
 *(.debug)

.line
 *(.line)

.debug_srcinfo
 *(.debug_srcinfo)

.debug_sfnames
 *(.debug_sfnames)

.debug_aranges  0x00000000      0x79c
 *(.debug_aranges)
 .debug_aranges
                0x00000000       0xbc ./Enrf24.o
 .debug_aranges
                0x000000bc       0x28 ./ReadAnalogVoltage.o
 .debug_aranges
                0x000000e4       0x24 E:/OneDrive/CCS/lpmsp430g2553_SPI/Debug\liblpmsp430g2553_SPI.a(SPI.o)
 .debug_aranges
                0x00000108       0x28 E:/OneDrive/CCS/lpmsp430g2553_SPI/Debug\liblpmsp430g2553_SPI.a(usci_spi.o)
 .debug_aranges
                0x00000130       0x20 E:/OneDrive/CCS/lpmsp430g2553_core/Debug\liblpmsp430g2553_core.a(WInterrupts.o)
 .debug_aranges
                0x00000150       0x48 E:/OneDrive/CCS/lpmsp430g2553_core/Debug\liblpmsp430g2553_core.a(wiring.o)
 .debug_aranges
                0x00000198       0x20 E:/OneDrive/CCS/lpmsp430g2553_core/Debug\liblpmsp430g2553_core.a(wiring_digital.o)
 .debug_aranges
                0x000001b8       0x14 E:/OneDrive/CCS/lpmsp430g2553_core/Debug\liblpmsp430g2553_core.a(main.o)
 .debug_aranges
                0x000001cc       0x70 E:/OneDrive/CCS/lpmsp430g2553_core/Debug\liblpmsp430g2553_core.a(Print.o)
 .debug_aranges
                0x0000023c      0x144 E:/OneDrive/CCS/lpmsp430g2553_core/Debug\liblpmsp430g2553_core.a(WString.o)
 .debug_aranges
                0x00000380       0x14 E:/OneDrive/CCS/lpmsp430g2553_core/Debug\liblpmsp430g2553_core.a(atof.o)
 .debug_aranges
                0x00000394       0x14 E:/OneDrive/CCS/lpmsp430g2553_core/Debug\liblpmsp430g2553_core.a(dtostrf.o)
 .debug_aranges
                0x000003a8       0x20 E:/OneDrive/CCS/lpmsp430g2553_core/Debug\liblpmsp430g2553_core.a(itoa.o)
 .debug_aranges
                0x000003c8       0x28 E:/OneDrive/CCS/lpmsp430g2553_core/Debug\liblpmsp430g2553_core.a(new.o)
 .debug_aranges
                0x000003f0       0x14 e:/energia-0101e0014/hardware/tools/msp430/bin/../lib/gcc/msp430/4.6.3/../../../../msp430/lib\libm.a(ef_pow.o)
 .debug_aranges
                0x00000404       0x14 e:/energia-0101e0014/hardware/tools/msp430/bin/../lib/gcc/msp430/4.6.3/../../../../msp430/lib\libm.a(sf_scalbn.o)
 .debug_aranges
                0x00000418       0x14 e:/energia-0101e0014/hardware/tools/msp430/bin/../lib/gcc/msp430/4.6.3/../../../../msp430/lib\libm.a(ef_sqrt.o)
 .debug_aranges
                0x0000042c       0x14 e:/energia-0101e0014/hardware/tools/msp430/bin/../lib/gcc/msp430/4.6.3\libgcc.a(_mulqi3.o)
 .debug_aranges
                0x00000440       0x14 e:/energia-0101e0014/hardware/tools/msp430/bin/../lib/gcc/msp430/4.6.3\libgcc.a(_mulhi3.o)
 .debug_aranges
                0x00000454       0x14 e:/energia-0101e0014/hardware/tools/msp430/bin/../lib/gcc/msp430/4.6.3\libgcc.a(_umulhisi3.o)
 .debug_aranges
                0x00000468       0x14 e:/energia-0101e0014/hardware/tools/msp430/bin/../lib/gcc/msp430/4.6.3\libgcc.a(_mulsi3.o)
 .debug_aranges
                0x0000047c       0x14 e:/energia-0101e0014/hardware/tools/msp430/bin/../lib/gcc/msp430/4.6.3\libgcc.a(_udivmod16.o)
 .debug_aranges
                0x00000490       0x14 e:/energia-0101e0014/hardware/tools/msp430/bin/../lib/gcc/msp430/4.6.3\libgcc.a(_udivmod32.o)
 .debug_aranges
                0x000004a4       0x14 e:/energia-0101e0014/hardware/tools/msp430/bin/../lib/gcc/msp430/4.6.3\libgcc.a(_fixunssfsi.o)
 .debug_aranges
                0x000004b8       0x14 e:/energia-0101e0014/hardware/tools/msp430/bin/../lib/gcc/msp430/4.6.3\libgcc.a(_addsub_sf.o)
 .debug_aranges
                0x000004cc       0x14 e:/energia-0101e0014/hardware/tools/msp430/bin/../lib/gcc/msp430/4.6.3\libgcc.a(_mul_sf.o)
 .debug_aranges
                0x000004e0       0x14 e:/energia-0101e0014/hardware/tools/msp430/bin/../lib/gcc/msp430/4.6.3\libgcc.a(_div_sf.o)
 .debug_aranges
                0x000004f4       0x14 e:/energia-0101e0014/hardware/tools/msp430/bin/../lib/gcc/msp430/4.6.3\libgcc.a(_gt_sf.o)
 .debug_aranges
                0x00000508       0x14 e:/energia-0101e0014/hardware/tools/msp430/bin/../lib/gcc/msp430/4.6.3\libgcc.a(_ge_sf.o)
 .debug_aranges
                0x0000051c       0x14 e:/energia-0101e0014/hardware/tools/msp430/bin/../lib/gcc/msp430/4.6.3\libgcc.a(_lt_sf.o)
 .debug_aranges
                0x00000530       0x14 e:/energia-0101e0014/hardware/tools/msp430/bin/../lib/gcc/msp430/4.6.3\libgcc.a(_le_sf.o)
 .debug_aranges
                0x00000544       0x14 e:/energia-0101e0014/hardware/tools/msp430/bin/../lib/gcc/msp430/4.6.3\libgcc.a(_si_to_sf.o)
 .debug_aranges
                0x00000558       0x14 e:/energia-0101e0014/hardware/tools/msp430/bin/../lib/gcc/msp430/4.6.3\libgcc.a(_sf_to_si.o)
 .debug_aranges
                0x0000056c       0x14 e:/energia-0101e0014/hardware/tools/msp430/bin/../lib/gcc/msp430/4.6.3\libgcc.a(_usi_to_sf.o)
 .debug_aranges
                0x00000580       0x14 e:/energia-0101e0014/hardware/tools/msp430/bin/../lib/gcc/msp430/4.6.3\libgcc.a(_clzsi2.o)
 .debug_aranges
                0x00000594       0x14 e:/energia-0101e0014/hardware/tools/msp430/bin/../lib/gcc/msp430/4.6.3\libgcc.a(_pack_sf.o)
 .debug_aranges
                0x000005a8       0x14 e:/energia-0101e0014/hardware/tools/msp430/bin/../lib/gcc/msp430/4.6.3\libgcc.a(_unpack_sf.o)
 .debug_aranges
                0x000005bc       0x14 e:/energia-0101e0014/hardware/tools/msp430/bin/../lib/gcc/msp430/4.6.3\libgcc.a(_fpcmp_parts_sf.o)
 .debug_aranges
                0x000005d0       0x14 e:/energia-0101e0014/hardware/tools/msp430/bin/../lib/gcc/msp430/4.6.3/../../../../msp430/lib\libc.a(strchr.o)
 .debug_aranges
                0x000005e4       0x14 e:/energia-0101e0014/hardware/tools/msp430/bin/../lib/gcc/msp430/4.6.3/../../../../msp430/lib\libc.a(strcmp.o)
 .debug_aranges
                0x000005f8       0x14 e:/energia-0101e0014/hardware/tools/msp430/bin/../lib/gcc/msp430/4.6.3/../../../../msp430/lib\libc.a(strncmp.o)
 .debug_aranges
                0x0000060c       0x14 e:/energia-0101e0014/hardware/tools/msp430/bin/../lib/gcc/msp430/4.6.3/../../../../msp430/lib\libc.a(strcpy.o)
 .debug_aranges
                0x00000620       0x14 e:/energia-0101e0014/hardware/tools/msp430/bin/../lib/gcc/msp430/4.6.3/../../../../msp430/lib\libc.a(strncpy.o)
 .debug_aranges
                0x00000634       0x14 e:/energia-0101e0014/hardware/tools/msp430/bin/../lib/gcc/msp430/4.6.3/../../../../msp430/lib\libc.a(memcpy.o)
 .debug_aranges
                0x00000648       0x14 e:/energia-0101e0014/hardware/tools/msp430/bin/../lib/gcc/msp430/4.6.3/../../../../msp430/lib\libc.a(memmove.o)
 .debug_aranges
                0x0000065c       0x14 e:/energia-0101e0014/hardware/tools/msp430/bin/../lib/gcc/msp430/4.6.3/../../../../msp430/lib\libc.a(strrchr.o)
 .debug_aranges
                0x00000670       0x14 e:/energia-0101e0014/hardware/tools/msp430/bin/../lib/gcc/msp430/4.6.3/../../../../msp430/lib\libc.a(strstr.o)
 .debug_aranges
                0x00000684       0x14 e:/energia-0101e0014/hardware/tools/msp430/bin/../lib/gcc/msp430/4.6.3/../../../../msp430/lib\libc.a(atol.o)
 .debug_aranges
                0x00000698       0x14 e:/energia-0101e0014/hardware/tools/msp430/bin/../lib/gcc/msp430/4.6.3/../../../../msp430/lib\libc.a(malloc.o)
 .debug_aranges
                0x000006ac       0x14 e:/energia-0101e0014/hardware/tools/msp430/bin/../lib/gcc/msp430/4.6.3/../../../../msp430/lib\libc.a(strtol.o)
 .debug_aranges
                0x000006c0       0x14 e:/energia-0101e0014/hardware/tools/msp430/bin/../lib/gcc/msp430/4.6.3/../../../../msp430/lib\libc.a(sprintf.o)
 .debug_aranges
                0x000006d4       0x14 e:/energia-0101e0014/hardware/tools/msp430/bin/../lib/gcc/msp430/4.6.3/../../../../msp430/lib\libc.a(vuprintf.o)
 .debug_aranges
                0x000006e8       0x14 e:/energia-0101e0014/hardware/tools/msp430/bin/../lib/gcc/msp430/4.6.3\libgcc.a(_divmod32.o)
 .debug_aranges
                0x000006fc       0x14 e:/energia-0101e0014/hardware/tools/msp430/bin/../lib/gcc/msp430/4.6.3\libgcc.a(_udivmod64.o)
 .debug_aranges
                0x00000710       0x14 e:/energia-0101e0014/hardware/tools/msp430/bin/../lib/gcc/msp430/4.6.3\libcrt0.a(__watchdog_support.o)
 .debug_aranges
                0x00000724       0x14 e:/energia-0101e0014/hardware/tools/msp430/bin/../lib/gcc/msp430/4.6.3\libcrt0.a(__init_stack.o)
 .debug_aranges
                0x00000738       0x14 e:/energia-0101e0014/hardware/tools/msp430/bin/../lib/gcc/msp430/4.6.3\libcrt0.a(_copy_data.o)
 .debug_aranges
                0x0000074c       0x14 e:/energia-0101e0014/hardware/tools/msp430/bin/../lib/gcc/msp430/4.6.3\libcrt0.a(_clear_bss.o)
 .debug_aranges
                0x00000760       0x14 e:/energia-0101e0014/hardware/tools/msp430/bin/../lib/gcc/msp430/4.6.3\libcrt0.a(_endless_loop__.o)
 .debug_aranges
                0x00000774       0x14 e:/energia-0101e0014/hardware/tools/msp430/bin/../lib/gcc/msp430/4.6.3\libcrt0.a(_unexpected_.o)
 .debug_aranges
                0x00000788       0x14 e:/energia-0101e0014/hardware/tools/msp430/bin/../lib/gcc/msp430/4.6.3\libcrt0.a(_ctors430.o)

.debug_pubnames
 *(.debug_pubnames)

.debug_info     0x00000000     0xc96b
 *(.debug_info)
 .debug_info    0x00000000     0x162c ./Enrf24.o
 .debug_info    0x0000162c      0x4e6 ./ReadAnalogVoltage.o
 .debug_info    0x00001b12      0x37b E:/OneDrive/CCS/lpmsp430g2553_SPI/Debug\liblpmsp430g2553_SPI.a(SPI.o)
 .debug_info    0x00001e8d      0x3a7 E:/OneDrive/CCS/lpmsp430g2553_SPI/Debug\liblpmsp430g2553_SPI.a(usci_spi.o)
 .debug_info    0x00002234      0x49d E:/OneDrive/CCS/lpmsp430g2553_core/Debug\liblpmsp430g2553_core.a(WInterrupts.o)
 .debug_info    0x000026d1      0x5e9 E:/OneDrive/CCS/lpmsp430g2553_core/Debug\liblpmsp430g2553_core.a(wiring.o)
 .debug_info    0x00002cba      0x74f E:/OneDrive/CCS/lpmsp430g2553_core/Debug\liblpmsp430g2553_core.a(wiring_digital.o)
 .debug_info    0x00003409      0x25c E:/OneDrive/CCS/lpmsp430g2553_core/Debug\liblpmsp430g2553_core.a(main.o)
 .debug_info    0x00003665     0x1b82 E:/OneDrive/CCS/lpmsp430g2553_core/Debug\liblpmsp430g2553_core.a(Print.o)
 .debug_info    0x000051e7     0x2767 E:/OneDrive/CCS/lpmsp430g2553_core/Debug\liblpmsp430g2553_core.a(WString.o)
 .debug_info    0x0000794e       0xd6 E:/OneDrive/CCS/lpmsp430g2553_core/Debug\liblpmsp430g2553_core.a(atof.o)
 .debug_info    0x00007a24      0x14b E:/OneDrive/CCS/lpmsp430g2553_core/Debug\liblpmsp430g2553_core.a(dtostrf.o)
 .debug_info    0x00007b6f      0x224 E:/OneDrive/CCS/lpmsp430g2553_core/Debug\liblpmsp430g2553_core.a(itoa.o)
 .debug_info    0x00007d93      0x142 E:/OneDrive/CCS/lpmsp430g2553_core/Debug\liblpmsp430g2553_core.a(new.o)
 .debug_info    0x00007ed5      0x5ea e:/energia-0101e0014/hardware/tools/msp430/bin/../lib/gcc/msp430/4.6.3/../../../../msp430/lib\libm.a(ef_pow.o)
 .debug_info    0x000084bf      0x1e4 e:/energia-0101e0014/hardware/tools/msp430/bin/../lib/gcc/msp430/4.6.3/../../../../msp430/lib\libm.a(sf_scalbn.o)
 .debug_info    0x000086a3      0x208 e:/energia-0101e0014/hardware/tools/msp430/bin/../lib/gcc/msp430/4.6.3/../../../../msp430/lib\libm.a(ef_sqrt.o)
 .debug_info    0x000088ab       0x8d e:/energia-0101e0014/hardware/tools/msp430/bin/../lib/gcc/msp430/4.6.3\libgcc.a(_mulqi3.o)
 .debug_info    0x00008938       0x8d e:/energia-0101e0014/hardware/tools/msp430/bin/../lib/gcc/msp430/4.6.3\libgcc.a(_mulhi3.o)
 .debug_info    0x000089c5       0x8d e:/energia-0101e0014/hardware/tools/msp430/bin/../lib/gcc/msp430/4.6.3\libgcc.a(_umulhisi3.o)
 .debug_info    0x00008a52       0x8d e:/energia-0101e0014/hardware/tools/msp430/bin/../lib/gcc/msp430/4.6.3\libgcc.a(_mulsi3.o)
 .debug_info    0x00008adf       0x8d e:/energia-0101e0014/hardware/tools/msp430/bin/../lib/gcc/msp430/4.6.3\libgcc.a(_udivmod16.o)
 .debug_info    0x00008b6c       0x8d e:/energia-0101e0014/hardware/tools/msp430/bin/../lib/gcc/msp430/4.6.3\libgcc.a(_udivmod32.o)
 .debug_info    0x00008bf9       0xb5 e:/energia-0101e0014/hardware/tools/msp430/bin/../lib/gcc/msp430/4.6.3\libgcc.a(_fixunssfsi.o)
 .debug_info    0x00008cae      0x425 e:/energia-0101e0014/hardware/tools/msp430/bin/../lib/gcc/msp430/4.6.3\libgcc.a(_addsub_sf.o)
 .debug_info    0x000090d3      0x3c9 e:/energia-0101e0014/hardware/tools/msp430/bin/../lib/gcc/msp430/4.6.3\libgcc.a(_mul_sf.o)
 .debug_info    0x0000949c      0x35c e:/energia-0101e0014/hardware/tools/msp430/bin/../lib/gcc/msp430/4.6.3\libgcc.a(_div_sf.o)
 .debug_info    0x000097f8      0x26e e:/energia-0101e0014/hardware/tools/msp430/bin/../lib/gcc/msp430/4.6.3\libgcc.a(_gt_sf.o)
 .debug_info    0x00009a66      0x26e e:/energia-0101e0014/hardware/tools/msp430/bin/../lib/gcc/msp430/4.6.3\libgcc.a(_ge_sf.o)
 .debug_info    0x00009cd4      0x26e e:/energia-0101e0014/hardware/tools/msp430/bin/../lib/gcc/msp430/4.6.3\libgcc.a(_lt_sf.o)
 .debug_info    0x00009f42      0x26e e:/energia-0101e0014/hardware/tools/msp430/bin/../lib/gcc/msp430/4.6.3\libgcc.a(_le_sf.o)
 .debug_info    0x0000a1b0      0x20b e:/energia-0101e0014/hardware/tools/msp430/bin/../lib/gcc/msp430/4.6.3\libgcc.a(_si_to_sf.o)
 .debug_info    0x0000a3bb      0x289 e:/energia-0101e0014/hardware/tools/msp430/bin/../lib/gcc/msp430/4.6.3\libgcc.a(_sf_to_si.o)
 .debug_info    0x0000a644      0x144 e:/energia-0101e0014/hardware/tools/msp430/bin/../lib/gcc/msp430/4.6.3\libgcc.a(_thenan_sf.o)
 .debug_info    0x0000a788      0x204 e:/energia-0101e0014/hardware/tools/msp430/bin/../lib/gcc/msp430/4.6.3\libgcc.a(_usi_to_sf.o)
 .debug_info    0x0000a98c      0x109 e:/energia-0101e0014/hardware/tools/msp430/bin/../lib/gcc/msp430/4.6.3\libgcc.a(_clzsi2.o)
 .debug_info    0x0000aa95      0x2b1 e:/energia-0101e0014/hardware/tools/msp430/bin/../lib/gcc/msp430/4.6.3\libgcc.a(_pack_sf.o)
 .debug_info    0x0000ad46      0x23e e:/energia-0101e0014/hardware/tools/msp430/bin/../lib/gcc/msp430/4.6.3\libgcc.a(_unpack_sf.o)
 .debug_info    0x0000af84      0x1d5 e:/energia-0101e0014/hardware/tools/msp430/bin/../lib/gcc/msp430/4.6.3\libgcc.a(_fpcmp_parts_sf.o)
 .debug_info    0x0000b159       0xa0 e:/energia-0101e0014/hardware/tools/msp430/bin/../lib/gcc/msp430/4.6.3\libgcc.a(_clz.o)
 .debug_info    0x0000b1f9       0xa7 e:/energia-0101e0014/hardware/tools/msp430/bin/../lib/gcc/msp430/4.6.3/../../../../msp430/lib\libc.a(strchr.o)
 .debug_info    0x0000b2a0       0xa4 e:/energia-0101e0014/hardware/tools/msp430/bin/../lib/gcc/msp430/4.6.3/../../../../msp430/lib\libc.a(strcmp.o)
 .debug_info    0x0000b344       0xbb e:/energia-0101e0014/hardware/tools/msp430/bin/../lib/gcc/msp430/4.6.3/../../../../msp430/lib\libc.a(strncmp.o)
 .debug_info    0x0000b3ff       0xb6 e:/energia-0101e0014/hardware/tools/msp430/bin/../lib/gcc/msp430/4.6.3/../../../../msp430/lib\libc.a(strcpy.o)
 .debug_info    0x0000b4b5       0xe1 e:/energia-0101e0014/hardware/tools/msp430/bin/../lib/gcc/msp430/4.6.3/../../../../msp430/lib\libc.a(strncpy.o)
 .debug_info    0x0000b596      0x113 e:/energia-0101e0014/hardware/tools/msp430/bin/../lib/gcc/msp430/4.6.3/../../../../msp430/lib\libc.a(memcpy.o)
 .debug_info    0x0000b6a9      0x113 e:/energia-0101e0014/hardware/tools/msp430/bin/../lib/gcc/msp430/4.6.3/../../../../msp430/lib\libc.a(memmove.o)
 .debug_info    0x0000b7bc       0xb7 e:/energia-0101e0014/hardware/tools/msp430/bin/../lib/gcc/msp430/4.6.3/../../../../msp430/lib\libc.a(strrchr.o)
 .debug_info    0x0000b873       0xe0 e:/energia-0101e0014/hardware/tools/msp430/bin/../lib/gcc/msp430/4.6.3/../../../../msp430/lib\libc.a(strstr.o)
 .debug_info    0x0000b953       0x95 e:/energia-0101e0014/hardware/tools/msp430/bin/../lib/gcc/msp430/4.6.3/../../../../msp430/lib\libc.a(atol.o)
 .debug_info    0x0000b9e8      0x151 e:/energia-0101e0014/hardware/tools/msp430/bin/../lib/gcc/msp430/4.6.3/../../../../msp430/lib\libc.a(malloc.o)
 .debug_info    0x0000bb39      0x1d7 e:/energia-0101e0014/hardware/tools/msp430/bin/../lib/gcc/msp430/4.6.3/../../../../msp430/lib\libc.a(strtol.o)
 .debug_info    0x0000bd10      0x277 e:/energia-0101e0014/hardware/tools/msp430/bin/../lib/gcc/msp430/4.6.3/../../../../msp430/lib\libc.a(sprintf.o)
 .debug_info    0x0000bf87      0x565 e:/energia-0101e0014/hardware/tools/msp430/bin/../lib/gcc/msp430/4.6.3/../../../../msp430/lib\libc.a(vuprintf.o)
 .debug_info    0x0000c4ec       0x39 e:/energia-0101e0014/hardware/tools/msp430/bin/../lib/gcc/msp430/4.6.3/../../../../msp430/lib\libc.a(errno.o)
 .debug_info    0x0000c525       0x8d e:/energia-0101e0014/hardware/tools/msp430/bin/../lib/gcc/msp430/4.6.3\libgcc.a(_divmod32.o)
 .debug_info    0x0000c5b2       0x8d e:/energia-0101e0014/hardware/tools/msp430/bin/../lib/gcc/msp430/4.6.3\libgcc.a(_udivmod64.o)
 .debug_info    0x0000c63f       0x74 e:/energia-0101e0014/hardware/tools/msp430/bin/../lib/gcc/msp430/4.6.3\libcrt0.a(__watchdog_support.o)
 .debug_info    0x0000c6b3       0x74 e:/energia-0101e0014/hardware/tools/msp430/bin/../lib/gcc/msp430/4.6.3\libcrt0.a(__init_stack.o)
 .debug_info    0x0000c727       0x74 e:/energia-0101e0014/hardware/tools/msp430/bin/../lib/gcc/msp430/4.6.3\libcrt0.a(_copy_data.o)
 .debug_info    0x0000c79b       0x74 e:/energia-0101e0014/hardware/tools/msp430/bin/../lib/gcc/msp430/4.6.3\libcrt0.a(_clear_bss.o)
 .debug_info    0x0000c80f       0x74 e:/energia-0101e0014/hardware/tools/msp430/bin/../lib/gcc/msp430/4.6.3\libcrt0.a(_endless_loop__.o)
 .debug_info    0x0000c883       0x74 e:/energia-0101e0014/hardware/tools/msp430/bin/../lib/gcc/msp430/4.6.3\libcrt0.a(_unexpected_.o)
 .debug_info    0x0000c8f7       0x74 e:/energia-0101e0014/hardware/tools/msp430/bin/../lib/gcc/msp430/4.6.3\libcrt0.a(_ctors430.o)
 *(.gnu.linkonce.wi.*)

.debug_abbrev   0x00000000     0x3b3f
 *(.debug_abbrev)
 .debug_abbrev  0x00000000      0x414 ./Enrf24.o
 .debug_abbrev  0x00000414      0x240 ./ReadAnalogVoltage.o
 .debug_abbrev  0x00000654      0x133 E:/OneDrive/CCS/lpmsp430g2553_SPI/Debug\liblpmsp430g2553_SPI.a(SPI.o)
 .debug_abbrev  0x00000787       0xec E:/OneDrive/CCS/lpmsp430g2553_SPI/Debug\liblpmsp430g2553_SPI.a(usci_spi.o)
 .debug_abbrev  0x00000873      0x167 E:/OneDrive/CCS/lpmsp430g2553_core/Debug\liblpmsp430g2553_core.a(WInterrupts.o)
 .debug_abbrev  0x000009da      0x22e E:/OneDrive/CCS/lpmsp430g2553_core/Debug\liblpmsp430g2553_core.a(wiring.o)
 .debug_abbrev  0x00000c08      0x15b E:/OneDrive/CCS/lpmsp430g2553_core/Debug\liblpmsp430g2553_core.a(wiring_digital.o)
 .debug_abbrev  0x00000d63       0x8f E:/OneDrive/CCS/lpmsp430g2553_core/Debug\liblpmsp430g2553_core.a(main.o)
 .debug_abbrev  0x00000df2      0x32d E:/OneDrive/CCS/lpmsp430g2553_core/Debug\liblpmsp430g2553_core.a(Print.o)
 .debug_abbrev  0x0000111f      0x365 E:/OneDrive/CCS/lpmsp430g2553_core/Debug\liblpmsp430g2553_core.a(WString.o)
 .debug_abbrev  0x00001484       0x83 E:/OneDrive/CCS/lpmsp430g2553_core/Debug\liblpmsp430g2553_core.a(atof.o)
 .debug_abbrev  0x00001507       0xe9 E:/OneDrive/CCS/lpmsp430g2553_core/Debug\liblpmsp430g2553_core.a(dtostrf.o)
 .debug_abbrev  0x000015f0       0xad E:/OneDrive/CCS/lpmsp430g2553_core/Debug\liblpmsp430g2553_core.a(itoa.o)
 .debug_abbrev  0x0000169d       0xec E:/OneDrive/CCS/lpmsp430g2553_core/Debug\liblpmsp430g2553_core.a(new.o)
 .debug_abbrev  0x00001789      0x140 e:/energia-0101e0014/hardware/tools/msp430/bin/../lib/gcc/msp430/4.6.3/../../../../msp430/lib\libm.a(ef_pow.o)
 .debug_abbrev  0x000018c9       0xf4 e:/energia-0101e0014/hardware/tools/msp430/bin/../lib/gcc/msp430/4.6.3/../../../../msp430/lib\libm.a(sf_scalbn.o)
 .debug_abbrev  0x000019bd      0x14a e:/energia-0101e0014/hardware/tools/msp430/bin/../lib/gcc/msp430/4.6.3/../../../../msp430/lib\libm.a(ef_sqrt.o)
 .debug_abbrev  0x00001b07       0x14 e:/energia-0101e0014/hardware/tools/msp430/bin/../lib/gcc/msp430/4.6.3\libgcc.a(_mulqi3.o)
 .debug_abbrev  0x00001b1b       0x14 e:/energia-0101e0014/hardware/tools/msp430/bin/../lib/gcc/msp430/4.6.3\libgcc.a(_mulhi3.o)
 .debug_abbrev  0x00001b2f       0x14 e:/energia-0101e0014/hardware/tools/msp430/bin/../lib/gcc/msp430/4.6.3\libgcc.a(_umulhisi3.o)
 .debug_abbrev  0x00001b43       0x14 e:/energia-0101e0014/hardware/tools/msp430/bin/../lib/gcc/msp430/4.6.3\libgcc.a(_mulsi3.o)
 .debug_abbrev  0x00001b57       0x14 e:/energia-0101e0014/hardware/tools/msp430/bin/../lib/gcc/msp430/4.6.3\libgcc.a(_udivmod16.o)
 .debug_abbrev  0x00001b6b       0x14 e:/energia-0101e0014/hardware/tools/msp430/bin/../lib/gcc/msp430/4.6.3\libgcc.a(_udivmod32.o)
 .debug_abbrev  0x00001b7f       0x5d e:/energia-0101e0014/hardware/tools/msp430/bin/../lib/gcc/msp430/4.6.3\libgcc.a(_fixunssfsi.o)
 .debug_abbrev  0x00001bdc      0x1ab e:/energia-0101e0014/hardware/tools/msp430/bin/../lib/gcc/msp430/4.6.3\libgcc.a(_addsub_sf.o)
 .debug_abbrev  0x00001d87      0x1d9 e:/energia-0101e0014/hardware/tools/msp430/bin/../lib/gcc/msp430/4.6.3\libgcc.a(_mul_sf.o)
 .debug_abbrev  0x00001f60      0x1c4 e:/energia-0101e0014/hardware/tools/msp430/bin/../lib/gcc/msp430/4.6.3\libgcc.a(_div_sf.o)
 .debug_abbrev  0x00002124      0x151 e:/energia-0101e0014/hardware/tools/msp430/bin/../lib/gcc/msp430/4.6.3\libgcc.a(_gt_sf.o)
 .debug_abbrev  0x00002275      0x151 e:/energia-0101e0014/hardware/tools/msp430/bin/../lib/gcc/msp430/4.6.3\libgcc.a(_ge_sf.o)
 .debug_abbrev  0x000023c6      0x151 e:/energia-0101e0014/hardware/tools/msp430/bin/../lib/gcc/msp430/4.6.3\libgcc.a(_lt_sf.o)
 .debug_abbrev  0x00002517      0x151 e:/energia-0101e0014/hardware/tools/msp430/bin/../lib/gcc/msp430/4.6.3\libgcc.a(_le_sf.o)
 .debug_abbrev  0x00002668      0x164 e:/energia-0101e0014/hardware/tools/msp430/bin/../lib/gcc/msp430/4.6.3\libgcc.a(_si_to_sf.o)
 .debug_abbrev  0x000027cc      0x160 e:/energia-0101e0014/hardware/tools/msp430/bin/../lib/gcc/msp430/4.6.3\libgcc.a(_sf_to_si.o)
 .debug_abbrev  0x0000292c       0xba e:/energia-0101e0014/hardware/tools/msp430/bin/../lib/gcc/msp430/4.6.3\libgcc.a(_thenan_sf.o)
 .debug_abbrev  0x000029e6      0x173 e:/energia-0101e0014/hardware/tools/msp430/bin/../lib/gcc/msp430/4.6.3\libgcc.a(_usi_to_sf.o)
 .debug_abbrev  0x00002b59       0xac e:/energia-0101e0014/hardware/tools/msp430/bin/../lib/gcc/msp430/4.6.3\libgcc.a(_clzsi2.o)
 .debug_abbrev  0x00002c05      0x192 e:/energia-0101e0014/hardware/tools/msp430/bin/../lib/gcc/msp430/4.6.3\libgcc.a(_pack_sf.o)
 .debug_abbrev  0x00002d97      0x15a e:/energia-0101e0014/hardware/tools/msp430/bin/../lib/gcc/msp430/4.6.3\libgcc.a(_unpack_sf.o)
 .debug_abbrev  0x00002ef1      0x10b e:/energia-0101e0014/hardware/tools/msp430/bin/../lib/gcc/msp430/4.6.3\libgcc.a(_fpcmp_parts_sf.o)
 .debug_abbrev  0x00002ffc       0x61 e:/energia-0101e0014/hardware/tools/msp430/bin/../lib/gcc/msp430/4.6.3\libgcc.a(_clz.o)
 .debug_abbrev  0x0000305d       0x6f e:/energia-0101e0014/hardware/tools/msp430/bin/../lib/gcc/msp430/4.6.3/../../../../msp430/lib\libc.a(strchr.o)
 .debug_abbrev  0x000030cc       0x60 e:/energia-0101e0014/hardware/tools/msp430/bin/../lib/gcc/msp430/4.6.3/../../../../msp430/lib\libc.a(strcmp.o)
 .debug_abbrev  0x0000312c       0x7c e:/energia-0101e0014/hardware/tools/msp430/bin/../lib/gcc/msp430/4.6.3/../../../../msp430/lib\libc.a(strncmp.o)
 .debug_abbrev  0x000031a8       0x7e e:/energia-0101e0014/hardware/tools/msp430/bin/../lib/gcc/msp430/4.6.3/../../../../msp430/lib\libc.a(strcpy.o)
 .debug_abbrev  0x00003226       0x94 e:/energia-0101e0014/hardware/tools/msp430/bin/../lib/gcc/msp430/4.6.3/../../../../msp430/lib\libc.a(strncpy.o)
 .debug_abbrev  0x000032ba       0x97 e:/energia-0101e0014/hardware/tools/msp430/bin/../lib/gcc/msp430/4.6.3/../../../../msp430/lib\libc.a(memcpy.o)
 .debug_abbrev  0x00003351       0x97 e:/energia-0101e0014/hardware/tools/msp430/bin/../lib/gcc/msp430/4.6.3/../../../../msp430/lib\libc.a(memmove.o)
 .debug_abbrev  0x000033e8       0x7e e:/energia-0101e0014/hardware/tools/msp430/bin/../lib/gcc/msp430/4.6.3/../../../../msp430/lib\libc.a(strrchr.o)
 .debug_abbrev  0x00003466       0x8b e:/energia-0101e0014/hardware/tools/msp430/bin/../lib/gcc/msp430/4.6.3/../../../../msp430/lib\libc.a(strstr.o)
 .debug_abbrev  0x000034f1       0x60 e:/energia-0101e0014/hardware/tools/msp430/bin/../lib/gcc/msp430/4.6.3/../../../../msp430/lib\libc.a(atol.o)
 .debug_abbrev  0x00003551      0x104 e:/energia-0101e0014/hardware/tools/msp430/bin/../lib/gcc/msp430/4.6.3/../../../../msp430/lib\libc.a(malloc.o)
 .debug_abbrev  0x00003655      0x112 e:/energia-0101e0014/hardware/tools/msp430/bin/../lib/gcc/msp430/4.6.3/../../../../msp430/lib\libc.a(strtol.o)
 .debug_abbrev  0x00003767      0x105 e:/energia-0101e0014/hardware/tools/msp430/bin/../lib/gcc/msp430/4.6.3/../../../../msp430/lib\libc.a(sprintf.o)
 .debug_abbrev  0x0000386c      0x1ef e:/energia-0101e0014/hardware/tools/msp430/bin/../lib/gcc/msp430/4.6.3/../../../../msp430/lib\libc.a(vuprintf.o)
 .debug_abbrev  0x00003a5b       0x30 e:/energia-0101e0014/hardware/tools/msp430/bin/../lib/gcc/msp430/4.6.3/../../../../msp430/lib\libc.a(errno.o)
 .debug_abbrev  0x00003a8b       0x14 e:/energia-0101e0014/hardware/tools/msp430/bin/../lib/gcc/msp430/4.6.3\libgcc.a(_divmod32.o)
 .debug_abbrev  0x00003a9f       0x14 e:/energia-0101e0014/hardware/tools/msp430/bin/../lib/gcc/msp430/4.6.3\libgcc.a(_udivmod64.o)
 .debug_abbrev  0x00003ab3       0x14 e:/energia-0101e0014/hardware/tools/msp430/bin/../lib/gcc/msp430/4.6.3\libcrt0.a(__watchdog_support.o)
 .debug_abbrev  0x00003ac7       0x14 e:/energia-0101e0014/hardware/tools/msp430/bin/../lib/gcc/msp430/4.6.3\libcrt0.a(__init_stack.o)
 .debug_abbrev  0x00003adb       0x14 e:/energia-0101e0014/hardware/tools/msp430/bin/../lib/gcc/msp430/4.6.3\libcrt0.a(_copy_data.o)
 .debug_abbrev  0x00003aef       0x14 e:/energia-0101e0014/hardware/tools/msp430/bin/../lib/gcc/msp430/4.6.3\libcrt0.a(_clear_bss.o)
 .debug_abbrev  0x00003b03       0x14 e:/energia-0101e0014/hardware/tools/msp430/bin/../lib/gcc/msp430/4.6.3\libcrt0.a(_endless_loop__.o)
 .debug_abbrev  0x00003b17       0x14 e:/energia-0101e0014/hardware/tools/msp430/bin/../lib/gcc/msp430/4.6.3\libcrt0.a(_unexpected_.o)
 .debug_abbrev  0x00003b2b       0x14 e:/energia-0101e0014/hardware/tools/msp430/bin/../lib/gcc/msp430/4.6.3\libcrt0.a(_ctors430.o)

.debug_line     0x00000000     0x4188
 *(.debug_line)
 .debug_line    0x00000000      0x6ba ./Enrf24.o
 .debug_line    0x000006ba      0x220 ./ReadAnalogVoltage.o
 .debug_line    0x000008da      0x167 E:/OneDrive/CCS/lpmsp430g2553_SPI/Debug\liblpmsp430g2553_SPI.a(SPI.o)
 .debug_line    0x00000a41      0x1a8 E:/OneDrive/CCS/lpmsp430g2553_SPI/Debug\liblpmsp430g2553_SPI.a(usci_spi.o)
 .debug_line    0x00000be9      0x21d E:/OneDrive/CCS/lpmsp430g2553_core/Debug\liblpmsp430g2553_core.a(WInterrupts.o)
 .debug_line    0x00000e06      0x28c E:/OneDrive/CCS/lpmsp430g2553_core/Debug\liblpmsp430g2553_core.a(wiring.o)
 .debug_line    0x00001092      0x1be E:/OneDrive/CCS/lpmsp430g2553_core/Debug\liblpmsp430g2553_core.a(wiring_digital.o)
 .debug_line    0x00001250      0x125 E:/OneDrive/CCS/lpmsp430g2553_core/Debug\liblpmsp430g2553_core.a(main.o)
 .debug_line    0x00001375      0x376 E:/OneDrive/CCS/lpmsp430g2553_core/Debug\liblpmsp430g2553_core.a(Print.o)
 .debug_line    0x000016eb      0x7b9 E:/OneDrive/CCS/lpmsp430g2553_core/Debug\liblpmsp430g2553_core.a(WString.o)
 .debug_line    0x00001ea4       0xc3 E:/OneDrive/CCS/lpmsp430g2553_core/Debug\liblpmsp430g2553_core.a(atof.o)
 .debug_line    0x00001f67       0xf7 E:/OneDrive/CCS/lpmsp430g2553_core/Debug\liblpmsp430g2553_core.a(dtostrf.o)
 .debug_line    0x0000205e       0xde E:/OneDrive/CCS/lpmsp430g2553_core/Debug\liblpmsp430g2553_core.a(itoa.o)
 .debug_line    0x0000213c      0x110 E:/OneDrive/CCS/lpmsp430g2553_core/Debug\liblpmsp430g2553_core.a(new.o)
 .debug_line    0x0000224c      0x1c6 e:/energia-0101e0014/hardware/tools/msp430/bin/../lib/gcc/msp430/4.6.3/../../../../msp430/lib\libm.a(ef_pow.o)
 .debug_line    0x00002412       0x97 e:/energia-0101e0014/hardware/tools/msp430/bin/../lib/gcc/msp430/4.6.3/../../../../msp430/lib\libm.a(sf_scalbn.o)
 .debug_line    0x000024a9       0xb7 e:/energia-0101e0014/hardware/tools/msp430/bin/../lib/gcc/msp430/4.6.3/../../../../msp430/lib\libm.a(ef_sqrt.o)
 .debug_line    0x00002560       0x73 e:/energia-0101e0014/hardware/tools/msp430/bin/../lib/gcc/msp430/4.6.3\libgcc.a(_mulqi3.o)
 .debug_line    0x000025d3       0x74 e:/energia-0101e0014/hardware/tools/msp430/bin/../lib/gcc/msp430/4.6.3\libgcc.a(_mulhi3.o)
 .debug_line    0x00002647       0x6d e:/energia-0101e0014/hardware/tools/msp430/bin/../lib/gcc/msp430/4.6.3\libgcc.a(_umulhisi3.o)
 .debug_line    0x000026b4       0x7e e:/energia-0101e0014/hardware/tools/msp430/bin/../lib/gcc/msp430/4.6.3\libgcc.a(_mulsi3.o)
 .debug_line    0x00002732       0x77 e:/energia-0101e0014/hardware/tools/msp430/bin/../lib/gcc/msp430/4.6.3\libgcc.a(_udivmod16.o)
 .debug_line    0x000027a9       0x86 e:/energia-0101e0014/hardware/tools/msp430/bin/../lib/gcc/msp430/4.6.3\libgcc.a(_udivmod32.o)
 .debug_line    0x0000282f       0x6f e:/energia-0101e0014/hardware/tools/msp430/bin/../lib/gcc/msp430/4.6.3\libgcc.a(_fixunssfsi.o)
 .debug_line    0x0000289e      0x117 e:/energia-0101e0014/hardware/tools/msp430/bin/../lib/gcc/msp430/4.6.3\libgcc.a(_addsub_sf.o)
 .debug_line    0x000029b5      0x10f e:/energia-0101e0014/hardware/tools/msp430/bin/../lib/gcc/msp430/4.6.3\libgcc.a(_mul_sf.o)
 .debug_line    0x00002ac4       0xd1 e:/energia-0101e0014/hardware/tools/msp430/bin/../lib/gcc/msp430/4.6.3\libgcc.a(_div_sf.o)
 .debug_line    0x00002b95       0x89 e:/energia-0101e0014/hardware/tools/msp430/bin/../lib/gcc/msp430/4.6.3\libgcc.a(_gt_sf.o)
 .debug_line    0x00002c1e       0x89 e:/energia-0101e0014/hardware/tools/msp430/bin/../lib/gcc/msp430/4.6.3\libgcc.a(_ge_sf.o)
 .debug_line    0x00002ca7       0x89 e:/energia-0101e0014/hardware/tools/msp430/bin/../lib/gcc/msp430/4.6.3\libgcc.a(_lt_sf.o)
 .debug_line    0x00002d30       0x89 e:/energia-0101e0014/hardware/tools/msp430/bin/../lib/gcc/msp430/4.6.3\libgcc.a(_le_sf.o)
 .debug_line    0x00002db9       0xa1 e:/energia-0101e0014/hardware/tools/msp430/bin/../lib/gcc/msp430/4.6.3\libgcc.a(_si_to_sf.o)
 .debug_line    0x00002e5a       0x97 e:/energia-0101e0014/hardware/tools/msp430/bin/../lib/gcc/msp430/4.6.3\libgcc.a(_sf_to_si.o)
 .debug_line    0x00002ef1       0x6c e:/energia-0101e0014/hardware/tools/msp430/bin/../lib/gcc/msp430/4.6.3\libgcc.a(_thenan_sf.o)
 .debug_line    0x00002f5d       0x9e e:/energia-0101e0014/hardware/tools/msp430/bin/../lib/gcc/msp430/4.6.3\libgcc.a(_usi_to_sf.o)
 .debug_line    0x00002ffb       0x99 e:/energia-0101e0014/hardware/tools/msp430/bin/../lib/gcc/msp430/4.6.3\libgcc.a(_clzsi2.o)
 .debug_line    0x00003094       0xda e:/energia-0101e0014/hardware/tools/msp430/bin/../lib/gcc/msp430/4.6.3\libgcc.a(_pack_sf.o)
 .debug_line    0x0000316e       0xb5 e:/energia-0101e0014/hardware/tools/msp430/bin/../lib/gcc/msp430/4.6.3\libgcc.a(_unpack_sf.o)
 .debug_line    0x00003223       0xc0 e:/energia-0101e0014/hardware/tools/msp430/bin/../lib/gcc/msp430/4.6.3\libgcc.a(_fpcmp_parts_sf.o)
 .debug_line    0x000032e3       0x5b e:/energia-0101e0014/hardware/tools/msp430/bin/../lib/gcc/msp430/4.6.3\libgcc.a(_clz.o)
 .debug_line    0x0000333e       0x44 e:/energia-0101e0014/hardware/tools/msp430/bin/../lib/gcc/msp430/4.6.3/../../../../msp430/lib\libc.a(strchr.o)
 .debug_line    0x00003382       0x49 e:/energia-0101e0014/hardware/tools/msp430/bin/../lib/gcc/msp430/4.6.3/../../../../msp430/lib\libc.a(strcmp.o)
 .debug_line    0x000033cb       0x82 e:/energia-0101e0014/hardware/tools/msp430/bin/../lib/gcc/msp430/4.6.3/../../../../msp430/lib\libc.a(strncmp.o)
 .debug_line    0x0000344d       0x4d e:/energia-0101e0014/hardware/tools/msp430/bin/../lib/gcc/msp430/4.6.3/../../../../msp430/lib\libc.a(strcpy.o)
 .debug_line    0x0000349a       0x85 e:/energia-0101e0014/hardware/tools/msp430/bin/../lib/gcc/msp430/4.6.3/../../../../msp430/lib\libc.a(strncpy.o)
 .debug_line    0x0000351f       0xf6 e:/energia-0101e0014/hardware/tools/msp430/bin/../lib/gcc/msp430/4.6.3/../../../../msp430/lib\libc.a(memcpy.o)
 .debug_line    0x00003615       0xf6 e:/energia-0101e0014/hardware/tools/msp430/bin/../lib/gcc/msp430/4.6.3/../../../../msp430/lib\libc.a(memmove.o)
 .debug_line    0x0000370b       0x47 e:/energia-0101e0014/hardware/tools/msp430/bin/../lib/gcc/msp430/4.6.3/../../../../msp430/lib\libc.a(strrchr.o)
 .debug_line    0x00003752       0x86 e:/energia-0101e0014/hardware/tools/msp430/bin/../lib/gcc/msp430/4.6.3/../../../../msp430/lib\libc.a(strstr.o)
 .debug_line    0x000037d8       0x3d e:/energia-0101e0014/hardware/tools/msp430/bin/../lib/gcc/msp430/4.6.3/../../../../msp430/lib\libc.a(atol.o)
 .debug_line    0x00003815       0xce e:/energia-0101e0014/hardware/tools/msp430/bin/../lib/gcc/msp430/4.6.3/../../../../msp430/lib\libc.a(malloc.o)
 .debug_line    0x000038e3      0x10b e:/energia-0101e0014/hardware/tools/msp430/bin/../lib/gcc/msp430/4.6.3/../../../../msp430/lib\libc.a(strtol.o)
 .debug_line    0x000039ee       0xa9 e:/energia-0101e0014/hardware/tools/msp430/bin/../lib/gcc/msp430/4.6.3/../../../../msp430/lib\libc.a(sprintf.o)
 .debug_line    0x00003a97      0x2df e:/energia-0101e0014/hardware/tools/msp430/bin/../lib/gcc/msp430/4.6.3/../../../../msp430/lib\libc.a(vuprintf.o)
 .debug_line    0x00003d76       0x31 e:/energia-0101e0014/hardware/tools/msp430/bin/../lib/gcc/msp430/4.6.3/../../../../msp430/lib\libc.a(errno.o)
 .debug_line    0x00003da7       0x8b e:/energia-0101e0014/hardware/tools/msp430/bin/../lib/gcc/msp430/4.6.3\libgcc.a(_divmod32.o)
 .debug_line    0x00003e32       0xcc e:/energia-0101e0014/hardware/tools/msp430/bin/../lib/gcc/msp430/4.6.3\libgcc.a(_udivmod64.o)
 .debug_line    0x00003efe       0x5c e:/energia-0101e0014/hardware/tools/msp430/bin/../lib/gcc/msp430/4.6.3\libcrt0.a(__watchdog_support.o)
 .debug_line    0x00003f5a       0x5a e:/energia-0101e0014/hardware/tools/msp430/bin/../lib/gcc/msp430/4.6.3\libcrt0.a(__init_stack.o)
 .debug_line    0x00003fb4       0x60 e:/energia-0101e0014/hardware/tools/msp430/bin/../lib/gcc/msp430/4.6.3\libcrt0.a(_copy_data.o)
 .debug_line    0x00004014       0x60 e:/energia-0101e0014/hardware/tools/msp430/bin/../lib/gcc/msp430/4.6.3\libcrt0.a(_clear_bss.o)
 .debug_line    0x00004074       0x5b e:/energia-0101e0014/hardware/tools/msp430/bin/../lib/gcc/msp430/4.6.3\libcrt0.a(_endless_loop__.o)
 .debug_line    0x000040cf       0x5a e:/energia-0101e0014/hardware/tools/msp430/bin/../lib/gcc/msp430/4.6.3\libcrt0.a(_unexpected_.o)
 .debug_line    0x00004129       0x5f e:/energia-0101e0014/hardware/tools/msp430/bin/../lib/gcc/msp430/4.6.3\libcrt0.a(_ctors430.o)

.debug_frame    0x00000000     0x1780
 *(.debug_frame)
 .debug_frame   0x00000000      0x376 ./Enrf24.o
 .debug_frame   0x00000376       0x60 ./ReadAnalogVoltage.o
 .debug_frame   0x000003d6       0x4e E:/OneDrive/CCS/lpmsp430g2553_SPI/Debug\liblpmsp430g2553_SPI.a(SPI.o)
 .debug_frame   0x00000424       0x5a E:/OneDrive/CCS/lpmsp430g2553_SPI/Debug\liblpmsp430g2553_SPI.a(usci_spi.o)
 .debug_frame   0x0000047e       0x7e E:/OneDrive/CCS/lpmsp430g2553_core/Debug\liblpmsp430g2553_core.a(WInterrupts.o)
 .debug_frame   0x000004fc      0x110 E:/OneDrive/CCS/lpmsp430g2553_core/Debug\liblpmsp430g2553_core.a(wiring.o)
 .debug_frame   0x0000060c       0x70 E:/OneDrive/CCS/lpmsp430g2553_core/Debug\liblpmsp430g2553_core.a(wiring_digital.o)
 .debug_frame   0x0000067c       0x1e E:/OneDrive/CCS/lpmsp430g2553_core/Debug\liblpmsp430g2553_core.a(main.o)
 .debug_frame   0x0000069a      0x24a E:/OneDrive/CCS/lpmsp430g2553_core/Debug\liblpmsp430g2553_core.a(Print.o)
 .debug_frame   0x000008e4      0x5f4 E:/OneDrive/CCS/lpmsp430g2553_core/Debug\liblpmsp430g2553_core.a(WString.o)
 .debug_frame   0x00000ed8       0x4a E:/OneDrive/CCS/lpmsp430g2553_core/Debug\liblpmsp430g2553_core.a(atof.o)
 .debug_frame   0x00000f22       0x54 E:/OneDrive/CCS/lpmsp430g2553_core/Debug\liblpmsp430g2553_core.a(dtostrf.o)
 .debug_frame   0x00000f76       0xa0 E:/OneDrive/CCS/lpmsp430g2553_core/Debug\liblpmsp430g2553_core.a(itoa.o)
 .debug_frame   0x00001016       0x5a E:/OneDrive/CCS/lpmsp430g2553_core/Debug\liblpmsp430g2553_core.a(new.o)
 .debug_frame   0x00001070       0x56 e:/energia-0101e0014/hardware/tools/msp430/bin/../lib/gcc/msp430/4.6.3/../../../../msp430/lib\libm.a(ef_pow.o)
 .debug_frame   0x000010c6       0x44 e:/energia-0101e0014/hardware/tools/msp430/bin/../lib/gcc/msp430/4.6.3/../../../../msp430/lib\libm.a(sf_scalbn.o)
 .debug_frame   0x0000110a       0x62 e:/energia-0101e0014/hardware/tools/msp430/bin/../lib/gcc/msp430/4.6.3/../../../../msp430/lib\libm.a(ef_sqrt.o)
 .debug_frame   0x0000116c       0x28 e:/energia-0101e0014/hardware/tools/msp430/bin/../lib/gcc/msp430/4.6.3\libgcc.a(_fixunssfsi.o)
 .debug_frame   0x00001194       0x6a e:/energia-0101e0014/hardware/tools/msp430/bin/../lib/gcc/msp430/4.6.3\libgcc.a(_addsub_sf.o)
 .debug_frame   0x000011fe       0x4a e:/energia-0101e0014/hardware/tools/msp430/bin/../lib/gcc/msp430/4.6.3\libgcc.a(_mul_sf.o)
 .debug_frame   0x00001248       0x3a e:/energia-0101e0014/hardware/tools/msp430/bin/../lib/gcc/msp430/4.6.3\libgcc.a(_div_sf.o)
 .debug_frame   0x00001282       0x22 e:/energia-0101e0014/hardware/tools/msp430/bin/../lib/gcc/msp430/4.6.3\libgcc.a(_gt_sf.o)
 .debug_frame   0x000012a4       0x22 e:/energia-0101e0014/hardware/tools/msp430/bin/../lib/gcc/msp430/4.6.3\libgcc.a(_ge_sf.o)
 .debug_frame   0x000012c6       0x22 e:/energia-0101e0014/hardware/tools/msp430/bin/../lib/gcc/msp430/4.6.3\libgcc.a(_lt_sf.o)
 .debug_frame   0x000012e8       0x22 e:/energia-0101e0014/hardware/tools/msp430/bin/../lib/gcc/msp430/4.6.3\libgcc.a(_le_sf.o)
 .debug_frame   0x0000130a       0x2c e:/energia-0101e0014/hardware/tools/msp430/bin/../lib/gcc/msp430/4.6.3\libgcc.a(_si_to_sf.o)
 .debug_frame   0x00001336       0x22 e:/energia-0101e0014/hardware/tools/msp430/bin/../lib/gcc/msp430/4.6.3\libgcc.a(_sf_to_si.o)
 .debug_frame   0x00001358       0x36 e:/energia-0101e0014/hardware/tools/msp430/bin/../lib/gcc/msp430/4.6.3\libgcc.a(_usi_to_sf.o)
 .debug_frame   0x0000138e       0x2e e:/energia-0101e0014/hardware/tools/msp430/bin/../lib/gcc/msp430/4.6.3\libgcc.a(_clzsi2.o)
 .debug_frame   0x000013bc       0x38 e:/energia-0101e0014/hardware/tools/msp430/bin/../lib/gcc/msp430/4.6.3\libgcc.a(_pack_sf.o)
 .debug_frame   0x000013f4       0x28 e:/energia-0101e0014/hardware/tools/msp430/bin/../lib/gcc/msp430/4.6.3\libgcc.a(_unpack_sf.o)
 .debug_frame   0x0000141c       0x24 e:/energia-0101e0014/hardware/tools/msp430/bin/../lib/gcc/msp430/4.6.3\libgcc.a(_fpcmp_parts_sf.o)
 .debug_frame   0x00001440       0x1e e:/energia-0101e0014/hardware/tools/msp430/bin/../lib/gcc/msp430/4.6.3/../../../../msp430/lib\libc.a(strchr.o)
 .debug_frame   0x0000145e       0x1e e:/energia-0101e0014/hardware/tools/msp430/bin/../lib/gcc/msp430/4.6.3/../../../../msp430/lib\libc.a(strcmp.o)
 .debug_frame   0x0000147c       0x24 e:/energia-0101e0014/hardware/tools/msp430/bin/../lib/gcc/msp430/4.6.3/../../../../msp430/lib\libc.a(strncmp.o)
 .debug_frame   0x000014a0       0x1e e:/energia-0101e0014/hardware/tools/msp430/bin/../lib/gcc/msp430/4.6.3/../../../../msp430/lib\libc.a(strcpy.o)
 .debug_frame   0x000014be       0x24 e:/energia-0101e0014/hardware/tools/msp430/bin/../lib/gcc/msp430/4.6.3/../../../../msp430/lib\libc.a(strncpy.o)
 .debug_frame   0x000014e2       0x38 e:/energia-0101e0014/hardware/tools/msp430/bin/../lib/gcc/msp430/4.6.3/../../../../msp430/lib\libc.a(memcpy.o)
 .debug_frame   0x0000151a       0x38 e:/energia-0101e0014/hardware/tools/msp430/bin/../lib/gcc/msp430/4.6.3/../../../../msp430/lib\libc.a(memmove.o)
 .debug_frame   0x00001552       0x24 e:/energia-0101e0014/hardware/tools/msp430/bin/../lib/gcc/msp430/4.6.3/../../../../msp430/lib\libc.a(strrchr.o)
 .debug_frame   0x00001576       0x38 e:/energia-0101e0014/hardware/tools/msp430/bin/../lib/gcc/msp430/4.6.3/../../../../msp430/lib\libc.a(strstr.o)
 .debug_frame   0x000015ae       0x1e e:/energia-0101e0014/hardware/tools/msp430/bin/../lib/gcc/msp430/4.6.3/../../../../msp430/lib\libc.a(atol.o)
 .debug_frame   0x000015cc       0x52 e:/energia-0101e0014/hardware/tools/msp430/bin/../lib/gcc/msp430/4.6.3/../../../../msp430/lib\libc.a(malloc.o)
 .debug_frame   0x0000161e       0x4a e:/energia-0101e0014/hardware/tools/msp430/bin/../lib/gcc/msp430/4.6.3/../../../../msp430/lib\libc.a(strtol.o)
 .debug_frame   0x00001668       0x68 e:/energia-0101e0014/hardware/tools/msp430/bin/../lib/gcc/msp430/4.6.3/../../../../msp430/lib\libc.a(sprintf.o)
 .debug_frame   0x000016d0       0xb0 e:/energia-0101e0014/hardware/tools/msp430/bin/../lib/gcc/msp430/4.6.3/../../../../msp430/lib\libc.a(vuprintf.o)

.debug_str      0x00000000     0x2b18
 *(.debug_str)
 .debug_str     0x00000000      0xa52 ./Enrf24.o
                                0xacf (size before relaxing)
 .debug_str     0x00000a52      0x15e ./ReadAnalogVoltage.o
                                0x48d (size before relaxing)
 .debug_str     0x00000bb0       0x6c E:/OneDrive/CCS/lpmsp430g2553_SPI/Debug\liblpmsp430g2553_SPI.a(SPI.o)
                                0x339 (size before relaxing)
 .debug_str     0x00000c1c      0x165 E:/OneDrive/CCS/lpmsp430g2553_SPI/Debug\liblpmsp430g2553_SPI.a(usci_spi.o)
                                0x371 (size before relaxing)
 .debug_str     0x00000d81      0x15a E:/OneDrive/CCS/lpmsp430g2553_core/Debug\liblpmsp430g2553_core.a(WInterrupts.o)
                                0x303 (size before relaxing)
 .debug_str     0x00000edb      0x197 E:/OneDrive/CCS/lpmsp430g2553_core/Debug\liblpmsp430g2553_core.a(wiring.o)
                                0x3ac (size before relaxing)
 .debug_str     0x00001072      0x1ee E:/OneDrive/CCS/lpmsp430g2553_core/Debug\liblpmsp430g2553_core.a(wiring_digital.o)
                                0x436 (size before relaxing)
 .debug_str     0x00001260       0x69 E:/OneDrive/CCS/lpmsp430g2553_core/Debug\liblpmsp430g2553_core.a(main.o)
                                0x1f4 (size before relaxing)
 .debug_str     0x000012c9      0xc3e E:/OneDrive/CCS/lpmsp430g2553_core/Debug\liblpmsp430g2553_core.a(Print.o)
                                0xe63 (size before relaxing)
 .debug_str     0x00001f07      0x258 E:/OneDrive/CCS/lpmsp430g2553_core/Debug\liblpmsp430g2553_core.a(WString.o)
                                0xc0d (size before relaxing)
 .debug_str     0x0000215f       0x55 E:/OneDrive/CCS/lpmsp430g2553_core/Debug\liblpmsp430g2553_core.a(atof.o)
                                 0xb8 (size before relaxing)
 .debug_str     0x000021b4       0x61 E:/OneDrive/CCS/lpmsp430g2553_core/Debug\liblpmsp430g2553_core.a(dtostrf.o)
                                0x17a (size before relaxing)
 .debug_str     0x00002215       0x4f E:/OneDrive/CCS/lpmsp430g2553_core/Debug\liblpmsp430g2553_core.a(itoa.o)
                                0x124 (size before relaxing)
 .debug_str     0x00002264       0x9c E:/OneDrive/CCS/lpmsp430g2553_core/Debug\liblpmsp430g2553_core.a(new.o)
                                0x185 (size before relaxing)
 .debug_str     0x00002300       0xcc e:/energia-0101e0014/hardware/tools/msp430/bin/../lib/gcc/msp430/4.6.3/../../../../msp430/lib\libm.a(ef_pow.o)
                                0x197 (size before relaxing)
 .debug_str     0x000023cc       0x2f e:/energia-0101e0014/hardware/tools/msp430/bin/../lib/gcc/msp430/4.6.3/../../../../msp430/lib\libm.a(sf_scalbn.o)
                                0x15a (size before relaxing)
 .debug_str     0x000023fb       0x26 e:/energia-0101e0014/hardware/tools/msp430/bin/../lib/gcc/msp430/4.6.3/../../../../msp430/lib\libm.a(ef_sqrt.o)
                                0x152 (size before relaxing)
 .debug_str     0x00002421       0x86 e:/energia-0101e0014/hardware/tools/msp430/bin/../lib/gcc/msp430/4.6.3\libgcc.a(_fixunssfsi.o)
                                0x13e (size before relaxing)
 .debug_str     0x000024a7      0x138 e:/energia-0101e0014/hardware/tools/msp430/bin/../lib/gcc/msp430/4.6.3\libgcc.a(_addsub_sf.o)
                                0x238 (size before relaxing)
 .debug_str     0x000025df       0x27 e:/energia-0101e0014/hardware/tools/msp430/bin/../lib/gcc/msp430/4.6.3\libgcc.a(_mul_sf.o)
                                0x1f1 (size before relaxing)
 .debug_str     0x00002606       0x35 e:/energia-0101e0014/hardware/tools/msp430/bin/../lib/gcc/msp430/4.6.3\libgcc.a(_div_sf.o)
                                0x1fa (size before relaxing)
 .debug_str     0x0000263b        0x8 e:/energia-0101e0014/hardware/tools/msp430/bin/../lib/gcc/msp430/4.6.3\libgcc.a(_gt_sf.o)
                                0x1bf (size before relaxing)
 .debug_str     0x00002643        0x8 e:/energia-0101e0014/hardware/tools/msp430/bin/../lib/gcc/msp430/4.6.3\libgcc.a(_ge_sf.o)
                                0x1bf (size before relaxing)
 .debug_str     0x0000264b        0x8 e:/energia-0101e0014/hardware/tools/msp430/bin/../lib/gcc/msp430/4.6.3\libgcc.a(_lt_sf.o)
                                0x1bf (size before relaxing)
 .debug_str     0x00002653        0x8 e:/energia-0101e0014/hardware/tools/msp430/bin/../lib/gcc/msp430/4.6.3\libgcc.a(_le_sf.o)
                                0x1bf (size before relaxing)
 .debug_str     0x0000265b       0x27 e:/energia-0101e0014/hardware/tools/msp430/bin/../lib/gcc/msp430/4.6.3\libgcc.a(_si_to_sf.o)
                                0x1ae (size before relaxing)
 .debug_str     0x00002682        0xa e:/energia-0101e0014/hardware/tools/msp430/bin/../lib/gcc/msp430/4.6.3\libgcc.a(_sf_to_si.o)
                                0x1c8 (size before relaxing)
 .debug_str     0x00000000      0x16a e:/energia-0101e0014/hardware/tools/msp430/bin/../lib/gcc/msp430/4.6.3\libgcc.a(_thenan_sf.o)
 .debug_str     0x0000268c        0xe e:/energia-0101e0014/hardware/tools/msp430/bin/../lib/gcc/msp430/4.6.3\libgcc.a(_usi_to_sf.o)
                                0x1aa (size before relaxing)
 .debug_str     0x0000269a       0x17 e:/energia-0101e0014/hardware/tools/msp430/bin/../lib/gcc/msp430/4.6.3\libgcc.a(_clzsi2.o)
                                0x14a (size before relaxing)
 .debug_str     0x000026b1       0x10 e:/energia-0101e0014/hardware/tools/msp430/bin/../lib/gcc/msp430/4.6.3\libgcc.a(_pack_sf.o)
                                0x1c7 (size before relaxing)
 .debug_str     0x000026c1        0xb e:/energia-0101e0014/hardware/tools/msp430/bin/../lib/gcc/msp430/4.6.3\libgcc.a(_unpack_sf.o)
                                0x1a9 (size before relaxing)
 .debug_str     0x000026cc       0x10 e:/energia-0101e0014/hardware/tools/msp430/bin/../lib/gcc/msp430/4.6.3\libgcc.a(_fpcmp_parts_sf.o)
                                0x18d (size before relaxing)
 .debug_str     0x00000000      0x12d e:/energia-0101e0014/hardware/tools/msp430/bin/../lib/gcc/msp430/4.6.3\libgcc.a(_clz.o)
 .debug_str     0x000026dc       0x19 e:/energia-0101e0014/hardware/tools/msp430/bin/../lib/gcc/msp430/4.6.3/../../../../msp430/lib\libc.a(strchr.o)
                                 0xfd (size before relaxing)
 .debug_str     0x000026f5       0x19 e:/energia-0101e0014/hardware/tools/msp430/bin/../lib/gcc/msp430/4.6.3/../../../../msp430/lib\libc.a(strcmp.o)
                                 0xfd (size before relaxing)
 .debug_str     0x0000270e       0x1b e:/energia-0101e0014/hardware/tools/msp430/bin/../lib/gcc/msp430/4.6.3/../../../../msp430/lib\libc.a(strncmp.o)
                                0x106 (size before relaxing)
 .debug_str     0x00002729       0x23 e:/energia-0101e0014/hardware/tools/msp430/bin/../lib/gcc/msp430/4.6.3/../../../../msp430/lib\libc.a(strcpy.o)
                                0x107 (size before relaxing)
 .debug_str     0x0000274c       0x1b e:/energia-0101e0014/hardware/tools/msp430/bin/../lib/gcc/msp430/4.6.3/../../../../msp430/lib\libc.a(strncpy.o)
                                0x106 (size before relaxing)
 .debug_str     0x00002767       0x28 e:/energia-0101e0014/hardware/tools/msp430/bin/../lib/gcc/msp430/4.6.3/../../../../msp430/lib\libc.a(memcpy.o)
                                0x11f (size before relaxing)
 .debug_str     0x0000278f       0x1b e:/energia-0101e0014/hardware/tools/msp430/bin/../lib/gcc/msp430/4.6.3/../../../../msp430/lib\libc.a(memmove.o)
                                0x121 (size before relaxing)
 .debug_str     0x000027aa       0x1b e:/energia-0101e0014/hardware/tools/msp430/bin/../lib/gcc/msp430/4.6.3/../../../../msp430/lib\libc.a(strrchr.o)
                                0x104 (size before relaxing)
 .debug_str     0x000027c5       0x19 e:/energia-0101e0014/hardware/tools/msp430/bin/../lib/gcc/msp430/4.6.3/../../../../msp430/lib\libc.a(strstr.o)
                                0x109 (size before relaxing)
 .debug_str     0x000027de       0x15 e:/energia-0101e0014/hardware/tools/msp430/bin/../lib/gcc/msp430/4.6.3/../../../../msp430/lib\libc.a(atol.o)
                                 0xf9 (size before relaxing)
 .debug_str     0x000027f3       0x55 e:/energia-0101e0014/hardware/tools/msp430/bin/../lib/gcc/msp430/4.6.3/../../../../msp430/lib\libc.a(malloc.o)
                                0x145 (size before relaxing)
 .debug_str     0x00002848       0x47 e:/energia-0101e0014/hardware/tools/msp430/bin/../lib/gcc/msp430/4.6.3/../../../../msp430/lib\libc.a(strtol.o)
                                0x138 (size before relaxing)
 .debug_str     0x0000288f       0x85 e:/energia-0101e0014/hardware/tools/msp430/bin/../lib/gcc/msp430/4.6.3/../../../../msp430/lib\libc.a(sprintf.o)
                                0x198 (size before relaxing)
 .debug_str     0x00002914      0x1f3 e:/energia-0101e0014/hardware/tools/msp430/bin/../lib/gcc/msp430/4.6.3/../../../../msp430/lib\libc.a(vuprintf.o)
                                0x37e (size before relaxing)
 .debug_str     0x00002b07       0x11 e:/energia-0101e0014/hardware/tools/msp430/bin/../lib/gcc/msp430/4.6.3/../../../../msp430/lib\libc.a(errno.o)
                                 0x7c (size before relaxing)

.debug_loc      0x00000000     0x596f
 *(.debug_loc)
 .debug_loc     0x00000000      0xa75 ./Enrf24.o
 .debug_loc     0x00000a75       0x2a ./ReadAnalogVoltage.o
 .debug_loc     0x00000a9f       0x21 E:/OneDrive/CCS/lpmsp430g2553_SPI/Debug\liblpmsp430g2553_SPI.a(SPI.o)
 .debug_loc     0x00000ac0       0x48 E:/OneDrive/CCS/lpmsp430g2553_SPI/Debug\liblpmsp430g2553_SPI.a(usci_spi.o)
 .debug_loc     0x00000b08       0xfc E:/OneDrive/CCS/lpmsp430g2553_core/Debug\liblpmsp430g2553_core.a(WInterrupts.o)
 .debug_loc     0x00000c04      0x1c3 E:/OneDrive/CCS/lpmsp430g2553_core/Debug\liblpmsp430g2553_core.a(wiring.o)
 .debug_loc     0x00000dc7      0x272 E:/OneDrive/CCS/lpmsp430g2553_core/Debug\liblpmsp430g2553_core.a(wiring_digital.o)
 .debug_loc     0x00001039      0x975 E:/OneDrive/CCS/lpmsp430g2553_core/Debug\liblpmsp430g2553_core.a(Print.o)
 .debug_loc     0x000019ae     0x148c E:/OneDrive/CCS/lpmsp430g2553_core/Debug\liblpmsp430g2553_core.a(WString.o)
 .debug_loc     0x00002e3a      0x17d E:/OneDrive/CCS/lpmsp430g2553_core/Debug\liblpmsp430g2553_core.a(atof.o)
 .debug_loc     0x00002fb7       0xae E:/OneDrive/CCS/lpmsp430g2553_core/Debug\liblpmsp430g2553_core.a(dtostrf.o)
 .debug_loc     0x00003065      0x2e6 E:/OneDrive/CCS/lpmsp430g2553_core/Debug\liblpmsp430g2553_core.a(itoa.o)
 .debug_loc     0x0000334b       0x21 E:/OneDrive/CCS/lpmsp430g2553_core/Debug\liblpmsp430g2553_core.a(new.o)
 .debug_loc     0x0000336c      0x6d7 e:/energia-0101e0014/hardware/tools/msp430/bin/../lib/gcc/msp430/4.6.3/../../../../msp430/lib\libm.a(ef_pow.o)
 .debug_loc     0x00003a43      0x16d e:/energia-0101e0014/hardware/tools/msp430/bin/../lib/gcc/msp430/4.6.3/../../../../msp430/lib\libm.a(sf_scalbn.o)
 .debug_loc     0x00003bb0      0x1b4 e:/energia-0101e0014/hardware/tools/msp430/bin/../lib/gcc/msp430/4.6.3/../../../../msp430/lib\libm.a(ef_sqrt.o)
 .debug_loc     0x00003d64       0x44 e:/energia-0101e0014/hardware/tools/msp430/bin/../lib/gcc/msp430/4.6.3\libgcc.a(_fixunssfsi.o)
 .debug_loc     0x00003da8      0x2ca e:/energia-0101e0014/hardware/tools/msp430/bin/../lib/gcc/msp430/4.6.3\libgcc.a(_addsub_sf.o)
 .debug_loc     0x00004072      0x23c e:/energia-0101e0014/hardware/tools/msp430/bin/../lib/gcc/msp430/4.6.3\libgcc.a(_mul_sf.o)
 .debug_loc     0x000042ae      0x110 e:/energia-0101e0014/hardware/tools/msp430/bin/../lib/gcc/msp430/4.6.3\libgcc.a(_div_sf.o)
 .debug_loc     0x000043be       0x3c e:/energia-0101e0014/hardware/tools/msp430/bin/../lib/gcc/msp430/4.6.3\libgcc.a(_gt_sf.o)
 .debug_loc     0x000043fa       0x3c e:/energia-0101e0014/hardware/tools/msp430/bin/../lib/gcc/msp430/4.6.3\libgcc.a(_ge_sf.o)
 .debug_loc     0x00004436       0x3c e:/energia-0101e0014/hardware/tools/msp430/bin/../lib/gcc/msp430/4.6.3\libgcc.a(_lt_sf.o)
 .debug_loc     0x00004472       0x3c e:/energia-0101e0014/hardware/tools/msp430/bin/../lib/gcc/msp430/4.6.3\libgcc.a(_le_sf.o)
 .debug_loc     0x000044ae       0xa2 e:/energia-0101e0014/hardware/tools/msp430/bin/../lib/gcc/msp430/4.6.3\libgcc.a(_si_to_sf.o)
 .debug_loc     0x00004550       0x3c e:/energia-0101e0014/hardware/tools/msp430/bin/../lib/gcc/msp430/4.6.3\libgcc.a(_sf_to_si.o)
 .debug_loc     0x0000458c       0x6c e:/energia-0101e0014/hardware/tools/msp430/bin/../lib/gcc/msp430/4.6.3\libgcc.a(_usi_to_sf.o)
 .debug_loc     0x000045f8       0x80 e:/energia-0101e0014/hardware/tools/msp430/bin/../lib/gcc/msp430/4.6.3\libgcc.a(_clzsi2.o)
 .debug_loc     0x00004678      0x181 e:/energia-0101e0014/hardware/tools/msp430/bin/../lib/gcc/msp430/4.6.3\libgcc.a(_pack_sf.o)
 .debug_loc     0x000047f9       0x83 e:/energia-0101e0014/hardware/tools/msp430/bin/../lib/gcc/msp430/4.6.3\libgcc.a(_unpack_sf.o)
 .debug_loc     0x0000487c       0x5b e:/energia-0101e0014/hardware/tools/msp430/bin/../lib/gcc/msp430/4.6.3\libgcc.a(_fpcmp_parts_sf.o)
 .debug_loc     0x000048d7        0xb e:/energia-0101e0014/hardware/tools/msp430/bin/../lib/gcc/msp430/4.6.3/../../../../msp430/lib\libc.a(strchr.o)
 .debug_loc     0x000048e2       0x24 e:/energia-0101e0014/hardware/tools/msp430/bin/../lib/gcc/msp430/4.6.3/../../../../msp430/lib\libc.a(strcmp.o)
 .debug_loc     0x00004906       0x38 e:/energia-0101e0014/hardware/tools/msp430/bin/../lib/gcc/msp430/4.6.3/../../../../msp430/lib\libc.a(strncmp.o)
 .debug_loc     0x0000493e       0x12 e:/energia-0101e0014/hardware/tools/msp430/bin/../lib/gcc/msp430/4.6.3/../../../../msp430/lib\libc.a(strcpy.o)
 .debug_loc     0x00004950       0x45 e:/energia-0101e0014/hardware/tools/msp430/bin/../lib/gcc/msp430/4.6.3/../../../../msp430/lib\libc.a(strncpy.o)
 .debug_loc     0x00004995      0x1e9 e:/energia-0101e0014/hardware/tools/msp430/bin/../lib/gcc/msp430/4.6.3/../../../../msp430/lib\libc.a(memcpy.o)
 .debug_loc     0x00004b7e      0x1e9 e:/energia-0101e0014/hardware/tools/msp430/bin/../lib/gcc/msp430/4.6.3/../../../../msp430/lib\libc.a(memmove.o)
 .debug_loc     0x00004d67       0x39 e:/energia-0101e0014/hardware/tools/msp430/bin/../lib/gcc/msp430/4.6.3/../../../../msp430/lib\libc.a(strrchr.o)
 .debug_loc     0x00004da0       0xa9 e:/energia-0101e0014/hardware/tools/msp430/bin/../lib/gcc/msp430/4.6.3/../../../../msp430/lib\libc.a(strstr.o)
 .debug_loc     0x00004e49        0xb e:/energia-0101e0014/hardware/tools/msp430/bin/../lib/gcc/msp430/4.6.3/../../../../msp430/lib\libc.a(atol.o)
 .debug_loc     0x00004e54      0x12e e:/energia-0101e0014/hardware/tools/msp430/bin/../lib/gcc/msp430/4.6.3/../../../../msp430/lib\libc.a(malloc.o)
 .debug_loc     0x00004f82      0x1f6 e:/energia-0101e0014/hardware/tools/msp430/bin/../lib/gcc/msp430/4.6.3/../../../../msp430/lib\libc.a(strtol.o)
 .debug_loc     0x00005178       0xeb e:/energia-0101e0014/hardware/tools/msp430/bin/../lib/gcc/msp430/4.6.3/../../../../msp430/lib\libc.a(sprintf.o)
 .debug_loc     0x00005263      0x70c e:/energia-0101e0014/hardware/tools/msp430/bin/../lib/gcc/msp430/4.6.3/../../../../msp430/lib\libc.a(vuprintf.o)

.debug_macinfo
 *(.debug_macinfo)

.debug_pubtypes
 *(.debug_pubtypes)

.debug_ranges   0x00000000       0x90
 *(.debug_ranges)
 .debug_ranges  0x00000000       0x14 e:/energia-0101e0014/hardware/tools/msp430/bin/../lib/gcc/msp430/4.6.3\libgcc.a(_addsub_sf.o)
 .debug_ranges  0x00000014       0x28 e:/energia-0101e0014/hardware/tools/msp430/bin/../lib/gcc/msp430/4.6.3\libgcc.a(_mul_sf.o)
 .debug_ranges  0x0000003c       0x24 e:/energia-0101e0014/hardware/tools/msp430/bin/../lib/gcc/msp430/4.6.3\libgcc.a(_div_sf.o)
 .debug_ranges  0x00000060        0xc e:/energia-0101e0014/hardware/tools/msp430/bin/../lib/gcc/msp430/4.6.3\libgcc.a(_clzsi2.o)
 .debug_ranges  0x0000006c        0xc e:/energia-0101e0014/hardware/tools/msp430/bin/../lib/gcc/msp430/4.6.3/../../../../msp430/lib\libc.a(malloc.o)
 .debug_ranges  0x00000078       0x18 e:/energia-0101e0014/hardware/tools/msp430/bin/../lib/gcc/msp430/4.6.3/../../../../msp430/lib\libc.a(vuprintf.o)
                0x00000400                PROVIDE (__stack, (ORIGIN (ram) + 0x200))
                0x0000d316                PROVIDE (__data_start_rom, _etext)
                0x0000d318                PROVIDE (__data_end_rom, (_etext + SIZEOF (.data)))
OUTPUT(ReadAnalogVoltage.out elf32-msp430)
